../Core/Src/esp-at.c:23:6:InitESP	8	static
../Core/Src/esp-at.c:29:6:ESP_Init	24	static
../Core/Src/esp-at.c:50:6:ESP_Restart	24	static
../Core/Src/esp-at.c:68:6:ESP_FactoryReset	24	static
../Core/Src/esp-at.c:86:6:ESP_GetVer	40	static
../Core/Src/esp-at.c:113:6:ESP_WifiInit	24	static
../Core/Src/esp-at.c:130:6:ESP_WifiDeInit	24	static
../Core/Src/esp-at.c:146:6:ESP_WifiStationConnect	296	static
../Core/Src/esp-at.c:176:6:ESP_WifiStationDisconnect	24	static
../Core/Src/esp-at.c:192:6:ESP_WifiMode	280	static
../Core/Src/esp-at.c:214:6:ESP_WifiStationIsConnect	24	static
../Core/Src/esp-at.c:234:6:ESP_MQTTConfig	296	static
../Core/Src/esp-at.c:257:6:ESP_MQTTConnect	296	static
../Core/Src/esp-at.c:278:6:ESP_MQTTPublish	296	static
../Core/Src/esp-at.c:297:6:ESP_MQTTSubscribe	280	static
../Core/Src/esp-at.c:315:6:ESP_MQTTReceive	24	static
../Core/Src/esp-at.c:319:6:ESP_MQTTDisconnect	24	static
../Core/Src/esp-at.c:336:6:ESP_Callback	16	static
../Core/Src/esp-at.c:344:6:ESP_MQTTIsConnected	24	static
