../Core/Src/physics.c:44:6:create_json	16	static
../Core/Src/physics.c:48:6:InitPhysics	16	static
../Core/Src/physics.c:59:6:SendRequestDHT20	8	static
../Core/Src/physics.c:63:6:ReadDHT20	8	static
../Core/Src/physics.c:68:6:turnOffLED	8	static
../Core/Src/physics.c:72:6:turnOnGreen	8	static
../Core/Src/physics.c:76:6:turnOnBlue	8	static
../Core/Src/physics.c:80:6:turnOnRed	8	static
../Core/Src/physics.c:84:6:LCD_DisplaySetting	8	static
../Core/Src/physics.c:91:6:LCD_DisplayPage1	8	static
../Core/Src/physics.c:103:6:LCD_DisplayPage2	40	static
../Core/Src/physics.c:123:6:LCD_Clear	8	static
../Core/Src/physics.c:127:6:LCD_DisplayPage3	32	static
../Core/Src/physics.c:145:6:LCD_DisplayConnectEsp	16	static
../Core/Src/physics.c:165:6:LCD_displaySettingMode	56	static
../Core/Src/physics.c:175:6:LCD_displaySettingUart	16	static
../Core/Src/physics.c:189:6:LCD_displaySettingUnit	8	static
../Core/Src/physics.c:196:6:LCD_displaySettingTemp	16	static
../Core/Src/physics.c:211:6:LCD_displaySettingPress	16	static
../Core/Src/physics.c:226:6:LCD_putChar	16	static
../Core/Src/physics.c:230:6:SetCursor	16	static
../Core/Src/physics.c:234:6:LCD_DisplayConnectWifi	8	static
../Core/Src/physics.c:241:6:LCD_DisplayConnectedWifi	8	static
../Core/Src/physics.c:248:6:LCD_DisplayConfigServer	8	static
../Core/Src/physics.c:253:6:LCD_DisplayConnectServerBroker	8	static
../Core/Src/physics.c:264:6:ReadPressure	8	static
../Core/Src/physics.c:268:6:SendRequestForLTdata	8	static
../Core/Src/physics.c:272:6:ReadLightIntensity	8	static
../Core/Src/physics.c:277:6:Uart_SendData	48	static
../Core/Src/physics.c:284:6:TurnOnCursor	8	static
../Core/Src/physics.c:289:6:TurnOffCursor	8	static
../Core/Src/physics.c:296:6:Connect_AdafruitServer	24	static
../Core/Src/physics.c:361:15:Publish_Temperature_Task	8	static
../Core/Src/physics.c:369:15:Publish_Humidity_Task	8	static
../Core/Src/physics.c:377:15:Publish_LightIntensity_Task	8	static
../Core/Src/physics.c:385:15:Publish_AirPressure_Task	8	static
../Core/Src/physics.c:393:6:Publish_Task	8	static
../Core/Src/physics.c:426:6:Check_ServerConnect_Task	4	static
../Core/Src/physics.c:432:6:Reconncet_Server	8	static
../Core/Src/physics.c:437:6:Reconnect_MQTTBroker	8	static
../Core/Src/physics.c:443:6:ResetESP32	8	static
