../Core/Src/physics.c:40:6:InitPhysics	16	static
../Core/Src/physics.c:51:6:SendRequestDHT20	8	static
../Core/Src/physics.c:55:6:ReadDHT20	8	static
../Core/Src/physics.c:60:6:turnOffLED	8	static
../Core/Src/physics.c:64:6:turnOnGreen	8	static
../Core/Src/physics.c:68:6:turnOnBlue	8	static
../Core/Src/physics.c:72:6:turnOnRed	8	static
../Core/Src/physics.c:76:6:LCD_DisplaySetting	8	static
../Core/Src/physics.c:83:6:LCD_DisplayPage1	8	static
../Core/Src/physics.c:95:6:LCD_DisplayPage2	40	static
../Core/Src/physics.c:115:6:LCD_Clear	8	static
../Core/Src/physics.c:119:6:LCD_DisplayPage3	32	static
../Core/Src/physics.c:137:6:LCD_DisplayConnectEsp	16	static
../Core/Src/physics.c:157:6:LCD_displaySettingMode	56	static
../Core/Src/physics.c:167:6:LCD_displaySettingUart	16	static
../Core/Src/physics.c:181:6:LCD_displaySettingUnit	8	static
../Core/Src/physics.c:188:6:LCD_displaySettingTemp	16	static
../Core/Src/physics.c:203:6:LCD_displaySettingPress	16	static
../Core/Src/physics.c:218:6:LCD_putChar	16	static
../Core/Src/physics.c:222:6:SetCursor	16	static
../Core/Src/physics.c:226:6:LCD_DisplayConnectWifi	8	static
../Core/Src/physics.c:233:6:LCD_DisplayConnectedWifi	8	static
../Core/Src/physics.c:240:6:LCD_DisplayConfigServer	8	static
../Core/Src/physics.c:245:6:LCD_DisplayConnectServerBroker	8	static
../Core/Src/physics.c:256:6:ReadPressure	8	static
../Core/Src/physics.c:260:6:SendRequestForLTdata	8	static
../Core/Src/physics.c:264:6:ReadLightIntensity	8	static
../Core/Src/physics.c:269:6:Uart_SendData	48	static
../Core/Src/physics.c:276:6:TurnOnCursor	8	static
../Core/Src/physics.c:281:6:TurnOffCursor	8	static
../Core/Src/physics.c:288:6:Connect_AdafruitServer	24	static
../Core/Src/physics.c:357:15:Publish_Temperature_Task	8	static
../Core/Src/physics.c:365:15:Publish_Humidity_Task	8	static
../Core/Src/physics.c:373:15:Publish_LightIntensity_Task	8	static
../Core/Src/physics.c:381:15:Publish_AirPressure_Task	8	static
../Core/Src/physics.c:389:6:Publish_Task	8	static
../Core/Src/physics.c:422:6:Check_ServerConnect_Task	4	static
../Core/Src/physics.c:428:6:Reconncet_Server	8	static
../Core/Src/physics.c:433:6:Reconnect_MQTTBroker	8	static
../Core/Src/physics.c:439:6:ResetESP32	8	static
