../Core/Src/physics.c:44:6:InitPhysics	16	static
../Core/Src/physics.c:54:6:turnOffLED	8	static
../Core/Src/physics.c:58:6:turnOnGreen	8	static
../Core/Src/physics.c:62:6:turnOnBlue	8	static
../Core/Src/physics.c:66:6:turnOnRed	8	static
../Core/Src/physics.c:70:6:LCD_DisplaySetting	8	static
../Core/Src/physics.c:77:6:LCD_DisplayPage1	8	static
../Core/Src/physics.c:84:6:LCD_DisplayPage2	40	static
../Core/Src/physics.c:105:6:LCD_Clear	8	static
../Core/Src/physics.c:109:6:LCD_DisplayPage3	32	static
../Core/Src/physics.c:127:6:LCD_DisplayConnectEsp	16	static
../Core/Src/physics.c:147:6:LCD_displaySettingMode	56	static
../Core/Src/physics.c:157:6:LCD_displaySettingUart	16	static
../Core/Src/physics.c:171:6:LCD_displaySettingUnit	8	static
../Core/Src/physics.c:178:6:LCD_displaySettingTemp	16	static
../Core/Src/physics.c:193:6:LCD_displaySettingPress	16	static
../Core/Src/physics.c:208:6:LCD_putChar	16	static
../Core/Src/physics.c:212:6:SetCursor	16	static
../Core/Src/physics.c:218:6:ReadPressure	8	static
../Core/Src/physics.c:222:6:SendRequestForLTdata	8	static
../Core/Src/physics.c:226:6:ReadLightIntensity	8	static
../Core/Src/physics.c:231:6:Uart_SendData	8	static
../Core/Src/physics.c:248:6:TurnOnCursor	8	static
../Core/Src/physics.c:253:6:TurnOffCursor	8	static
../Core/Src/physics.c:260:6:Connect_AdafruitServer	16	static
../Core/Src/physics.c:301:6:Publish_Temperature_Task	8	static
../Core/Src/physics.c:308:6:Publish_Humidity_Task	8	static
../Core/Src/physics.c:317:6:Publish_LightIntensity_Task	8	static
../Core/Src/physics.c:325:6:Publish_AirPressure_Task	8	static
../Core/Src/physics.c:332:6:Publish_Task	8	static
../Core/Src/physics.c:343:6:Check_ServerConnect_Task	4	static
