Archive member included to satisfy reference by file (symbol)

C:/ST/STM32CubeIDE_1.14.0/STM32CubeIDE/plugins/com.st.stm32cube.ide.mcu.externaltools.gnu-tools-for-stm32.11.3.rel1.win32_1.1.100.202309141235/tools/bin/../lib/gcc/arm-none-eabi/11.3.1/../../../../arm-none-eabi/lib/thumb/v7-m/nofp\libc_nano.a(libc_a-exit.o)
                              C:/ST/STM32CubeIDE_1.14.0/STM32CubeIDE/plugins/com.st.stm32cube.ide.mcu.externaltools.gnu-tools-for-stm32.11.3.rel1.win32_1.1.100.202309141235/tools/bin/../lib/gcc/arm-none-eabi/11.3.1/../../../../arm-none-eabi/lib/thumb/v7-m/nofp/crt0.o (exit)
C:/ST/STM32CubeIDE_1.14.0/STM32CubeIDE/plugins/com.st.stm32cube.ide.mcu.externaltools.gnu-tools-for-stm32.11.3.rel1.win32_1.1.100.202309141235/tools/bin/../lib/gcc/arm-none-eabi/11.3.1/../../../../arm-none-eabi/lib/thumb/v7-m/nofp\libc_nano.a(libc_a-malloc.o)
                              ./Core/Src/scheduler_O(1).o (malloc)
C:/ST/STM32CubeIDE_1.14.0/STM32CubeIDE/plugins/com.st.stm32cube.ide.mcu.externaltools.gnu-tools-for-stm32.11.3.rel1.win32_1.1.100.202309141235/tools/bin/../lib/gcc/arm-none-eabi/11.3.1/../../../../arm-none-eabi/lib/thumb/v7-m/nofp\libc_nano.a(libc_a-mallocr.o)
                              C:/ST/STM32CubeIDE_1.14.0/STM32CubeIDE/plugins/com.st.stm32cube.ide.mcu.externaltools.gnu-tools-for-stm32.11.3.rel1.win32_1.1.100.202309141235/tools/bin/../lib/gcc/arm-none-eabi/11.3.1/../../../../arm-none-eabi/lib/thumb/v7-m/nofp\libc_nano.a(libc_a-malloc.o) (_malloc_r)
C:/ST/STM32CubeIDE_1.14.0/STM32CubeIDE/plugins/com.st.stm32cube.ide.mcu.externaltools.gnu-tools-for-stm32.11.3.rel1.win32_1.1.100.202309141235/tools/bin/../lib/gcc/arm-none-eabi/11.3.1/../../../../arm-none-eabi/lib/thumb/v7-m/nofp\libc_nano.a(libc_a-mlock.o)
                              C:/ST/STM32CubeIDE_1.14.0/STM32CubeIDE/plugins/com.st.stm32cube.ide.mcu.externaltools.gnu-tools-for-stm32.11.3.rel1.win32_1.1.100.202309141235/tools/bin/../lib/gcc/arm-none-eabi/11.3.1/../../../../arm-none-eabi/lib/thumb/v7-m/nofp\libc_nano.a(libc_a-mallocr.o) (__malloc_lock)
C:/ST/STM32CubeIDE_1.14.0/STM32CubeIDE/plugins/com.st.stm32cube.ide.mcu.externaltools.gnu-tools-for-stm32.11.3.rel1.win32_1.1.100.202309141235/tools/bin/../lib/gcc/arm-none-eabi/11.3.1/../../../../arm-none-eabi/lib/thumb/v7-m/nofp\libc_nano.a(libc_a-nano-vfprintf_float.o)
                              (_printf_float)
C:/ST/STM32CubeIDE_1.14.0/STM32CubeIDE/plugins/com.st.stm32cube.ide.mcu.externaltools.gnu-tools-for-stm32.11.3.rel1.win32_1.1.100.202309141235/tools/bin/../lib/gcc/arm-none-eabi/11.3.1/../../../../arm-none-eabi/lib/thumb/v7-m/nofp\libc_nano.a(libc_a-nano-vfprintf_i.o)
                              C:/ST/STM32CubeIDE_1.14.0/STM32CubeIDE/plugins/com.st.stm32cube.ide.mcu.externaltools.gnu-tools-for-stm32.11.3.rel1.win32_1.1.100.202309141235/tools/bin/../lib/gcc/arm-none-eabi/11.3.1/../../../../arm-none-eabi/lib/thumb/v7-m/nofp\libc_nano.a(libc_a-nano-vfprintf_float.o) (_printf_common)
C:/ST/STM32CubeIDE_1.14.0/STM32CubeIDE/plugins/com.st.stm32cube.ide.mcu.externaltools.gnu-tools-for-stm32.11.3.rel1.win32_1.1.100.202309141235/tools/bin/../lib/gcc/arm-none-eabi/11.3.1/../../../../arm-none-eabi/lib/thumb/v7-m/nofp\libc_nano.a(libc_a-findfp.o)
                              C:/ST/STM32CubeIDE_1.14.0/STM32CubeIDE/plugins/com.st.stm32cube.ide.mcu.externaltools.gnu-tools-for-stm32.11.3.rel1.win32_1.1.100.202309141235/tools/bin/../lib/gcc/arm-none-eabi/11.3.1/../../../../arm-none-eabi/lib/thumb/v7-m/nofp\libc_nano.a(libc_a-exit.o) (__stdio_exit_handler)
C:/ST/STM32CubeIDE_1.14.0/STM32CubeIDE/plugins/com.st.stm32cube.ide.mcu.externaltools.gnu-tools-for-stm32.11.3.rel1.win32_1.1.100.202309141235/tools/bin/../lib/gcc/arm-none-eabi/11.3.1/../../../../arm-none-eabi/lib/thumb/v7-m/nofp\libc_nano.a(libc_a-fwalk.o)
                              C:/ST/STM32CubeIDE_1.14.0/STM32CubeIDE/plugins/com.st.stm32cube.ide.mcu.externaltools.gnu-tools-for-stm32.11.3.rel1.win32_1.1.100.202309141235/tools/bin/../lib/gcc/arm-none-eabi/11.3.1/../../../../arm-none-eabi/lib/thumb/v7-m/nofp\libc_nano.a(libc_a-findfp.o) (_fwalk_sglue)
C:/ST/STM32CubeIDE_1.14.0/STM32CubeIDE/plugins/com.st.stm32cube.ide.mcu.externaltools.gnu-tools-for-stm32.11.3.rel1.win32_1.1.100.202309141235/tools/bin/../lib/gcc/arm-none-eabi/11.3.1/../../../../arm-none-eabi/lib/thumb/v7-m/nofp\libc_nano.a(libc_a-snprintf.o)
                              ./Core/Src/esp-at.o (snprintf)
C:/ST/STM32CubeIDE_1.14.0/STM32CubeIDE/plugins/com.st.stm32cube.ide.mcu.externaltools.gnu-tools-for-stm32.11.3.rel1.win32_1.1.100.202309141235/tools/bin/../lib/gcc/arm-none-eabi/11.3.1/../../../../arm-none-eabi/lib/thumb/v7-m/nofp\libc_nano.a(libc_a-sprintf.o)
                              ./Core/Src/esp-at.o (sprintf)
C:/ST/STM32CubeIDE_1.14.0/STM32CubeIDE/plugins/com.st.stm32cube.ide.mcu.externaltools.gnu-tools-for-stm32.11.3.rel1.win32_1.1.100.202309141235/tools/bin/../lib/gcc/arm-none-eabi/11.3.1/../../../../arm-none-eabi/lib/thumb/v7-m/nofp\libc_nano.a(libc_a-sscanf.o)
[...]
Memory Configuration

Name             Origin             Length             Attributes
RAM              0x0000000020000000 0x0000000000005000 xrw
FLASH            0x0000000008000000 0x0000000000010000 xr
*default*        0x0000000000000000 0xffffffffffffffff

Linker script and memory map

LOAD C:/ST/STM32CubeIDE_1.14.0/STM32CubeIDE/plugins/com.st.stm32cube.ide.mcu.externaltools.gnu-tools-for-stm32.11.3.rel1.win32_1.1.100.202309141235/tools/bin/../lib/gcc/arm-none-eabi/11.3.1/thumb/v7-m/nofp/crti.o
LOAD C:/ST/STM32CubeIDE_1.14.0/STM32CubeIDE/plugins/com.st.stm32cube.ide.mcu.externaltools.gnu-tools-for-stm32.11.3.rel1.win32_1.1.100.202309141235/tools/bin/../lib/gcc/arm-none-eabi/11.3.1/thumb/v7-m/nofp/crtbegin.o
LOAD C:/ST/STM32CubeIDE_1.14.0/STM32CubeIDE/plugins/com.st.stm32cube.ide.mcu.externaltools.gnu-tools-for-stm32.11.3.rel1.win32_1.1.100.202309141235/tools/bin/../lib/gcc/arm-none-eabi/11.3.1/../../../../arm-none-eabi/lib/thumb/v7-m/nofp/crt0.o
LOAD ./Core/Src/atc.o
LOAD ./Core/Src/button.o
LOAD ./Core/Src/dma.o
LOAD ./Core/Src/esp-at.o
LOAD ./Core/Src/fsm_lcd.o
LOAD ./Core/Src/fsm_sensor.o
LOAD ./Core/Src/gpio.o
LOAD ./Core/Src/i2c.o
LOAD ./Core/Src/main.o
LOAD ./Core/Src/physics.o
LOAD ./Core/Src/scheduler.o
LOAD ./Core/Src/scheduler_O(1).o
LOAD ./Core/Src/software_timer.o
LOAD ./Core/Src/stm32f1xx_hal_msp.o
LOAD ./Core/Src/stm32f1xx_it.o
LOAD ./Core/Src/syscalls.o
LOAD ./Core/Src/sysmem.o
LOAD ./Core/Src/system_stm32f1xx.o
LOAD ./Core/Src/tim.o
LOAD ./Core/Src/uart.o
LOAD ./Core/Src/usart.o
LOAD ./Core/Startup/startup_stm32f103c8tx.o
LOAD ./DeviceLibrary/Src/BH1750.o
LOAD ./DeviceLibrary/Src/BMP180.o
LOAD ./DeviceLibrary/Src/CLCD_I2C.o
LOAD ./DeviceLibrary/Src/DHT20.o
LOAD ./DeviceLibrary/Src/ledRGB.o
LOAD ./Drivers/STM32F1xx_HAL_Driver/Src/stm32f1xx_hal.o
LOAD ./Drivers/STM32F1xx_HAL_Driver/Src/stm32f1xx_hal_cortex.o
LOAD ./Drivers/STM32F1xx_HAL_Driver/Src/stm32f1xx_hal_dma.o
LOAD ./Drivers/STM32F1xx_HAL_Driver/Src/stm32f1xx_hal_exti.o
LOAD ./Drivers/STM32F1xx_HAL_Driver/Src/stm32f1xx_hal_flash.o
LOAD ./Drivers/STM32F1xx_HAL_Driver/Src/stm32f1xx_hal_flash_ex.o
LOAD ./Drivers/STM32F1xx_HAL_Driver/Src/stm32f1xx_hal_gpio.o
LOAD ./Drivers/STM32F1xx_HAL_Driver/Src/stm32f1xx_hal_gpio_ex.o
LOAD ./Drivers/STM32F1xx_HAL_Driver/Src/stm32f1xx_hal_i2c.o
LOAD ./Drivers/STM32F1xx_HAL_Driver/Src/stm32f1xx_hal_pwr.o
LOAD ./Drivers/STM32F1xx_HAL_Driver/Src/stm32f1xx_hal_rcc.o
LOAD ./Drivers/STM32F1xx_HAL_Driver/Src/stm32f1xx_hal_rcc_ex.o
LOAD ./Drivers/STM32F1xx_HAL_Driver/Src/stm32f1xx_hal_tim.o
LOAD ./Drivers/STM32F1xx_HAL_Driver/Src/stm32f1xx_hal_tim_ex.o
LOAD ./Drivers/STM32F1xx_HAL_Driver/Src/stm32f1xx_hal_uart.o
START GROUP
LOAD C:/ST/STM32CubeIDE_1.14.0/STM32CubeIDE/plugins/com.st.stm32cube.ide.mcu.externaltools.gnu-tools-for-stm32.11.3.rel1.win32_1.1.100.202309141235/tools/bin/../lib/gcc/arm-none-eabi/11.3.1/../../../../arm-none-eabi/lib/thumb/v7-m/nofp\libc_nano.a
LOAD C:/ST/STM32CubeIDE_1.14.0/STM32CubeIDE/plugins/com.st.stm32cube.ide.mcu.externaltools.gnu-tools-for-stm32.11.3.rel1.win32_1.1.100.202309141235/tools/bin/../lib/gcc/arm-none-eabi/11.3.1/../../../../arm-none-eabi/lib/thumb/v7-m/nofp\libm.a
END GROUP
START GROUP
LOAD C:/ST/STM32CubeIDE_1.14.0/STM32CubeIDE/plugins/com.st.stm32cube.ide.mcu.externaltools.gnu-tools-for-stm32.11.3.rel1.win32_1.1.100.202309141235/tools/bin/../lib/gcc/arm-none-eabi/11.3.1/thumb/v7-m/nofp\libgcc.a
LOAD C:/ST/STM32CubeIDE_1.14.0/STM32CubeIDE/plugins/com.st.stm32cube.ide.mcu.externaltools.gnu-tools-for-stm32.11.3.rel1.win32_1.1.100.202309141235/tools/bin/../lib/gcc/arm-none-eabi/11.3.1/../../../../arm-none-eabi/lib/thumb/v7-m/nofp\libc_nano.a
END GROUP
START GROUP
LOAD C:/ST/STM32CubeIDE_1.14.0/STM32CubeIDE/plugins/com.st.stm32cube.ide.mcu.externaltools.gnu-tools-for-stm32.11.3.rel1.win32_1.1.100.202309141235/tools/bin/../lib/gcc/arm-none-eabi/11.3.1/thumb/v7-m/nofp\libgcc.a
LOAD C:/ST/STM32CubeIDE_1.14.0/STM32CubeIDE/plugins/com.st.stm32cube.ide.mcu.externaltools.gnu-tools-for-stm32.11.3.rel1.win32_1.1.100.202309141235/tools/bin/../lib/gcc/arm-none-eabi/11.3.1/../../../../arm-none-eabi/lib/thumb/v7-m/nofp\libc_nano.a
LOAD C:/ST/STM32CubeIDE_1.14.0/STM32CubeIDE/plugins/com.st.stm32cube.ide.mcu.externaltools.gnu-tools-for-stm32.11.3.rel1.win32_1.1.100.202309141235/tools/bin/../lib/gcc/arm-none-eabi/11.3.1/../../../../arm-none-eabi/lib/thumb/v7-m/nofp\libnosys.a
END GROUP
START GROUP
LOAD C:/ST/STM32CubeIDE_1.14.0/STM32CubeIDE/plugins/com.st.stm32cube.ide.mcu.externaltools.gnu-tools-for-stm32.11.3.rel1.win32_1.1.100.202309141235/tools/bin/../lib/gcc/arm-none-eabi/11.3.1/thumb/v7-m/nofp\libgcc.a
LOAD C:/ST/STM32CubeIDE_1.14.0/STM32CubeIDE/plugins/com.st.stm32cube.ide.mcu.externaltools.gnu-tools-for-stm32.11.3.rel1.win32_1.1.100.202309141235/tools/bin/../lib/gcc/arm-none-eabi/11.3.1/../../../../arm-none-eabi/lib/thumb/v7-m/nofp\libc_nano.a
LOAD C:/ST/STM32CubeIDE_1.14.0/STM32CubeIDE/plugins/com.st.stm32cube.ide.mcu.externaltools.gnu-tools-for-stm32.11.3.rel1.win32_1.1.100.202309141235/tools/bin/../lib/gcc/arm-none-eabi/11.3.1/../../../../arm-none-eabi/lib/thumb/v7-m/nofp\libnosys.a
END GROUP
LOAD C:/ST/STM32CubeIDE_1.14.0/STM32CubeIDE/plugins/com.st.stm32cube.ide.mcu.externaltools.gnu-tools-for-stm32.11.3.rel1.win32_1.1.100.202309141235/tools/bin/../lib/gcc/arm-none-eabi/11.3.1/thumb/v7-m/nofp/crtend.o
LOAD C:/ST/STM32CubeIDE_1.14.0/STM32CubeIDE/plugins/com.st.stm32cube.ide.mcu.externaltools.gnu-tools-for-stm32.11.3.rel1.win32_1.1.100.202309141235/tools/bin/../lib/gcc/arm-none-eabi/11.3.1/thumb/v7-m/nofp/crtn.o
                0x0000000020005000                _estack = (ORIGIN (RAM) + LENGTH (RAM))
                0x0000000000000200                _Min_Heap_Size = 0x200
                0x0000000000000400                _Min_Stack_Size = 0x400

.isr_vector     0x0000000008000000      0x10c
                0x0000000008000000                . = ALIGN (0x4)
 *(.isr_vector)
 .isr_vector    0x0000000008000000      0x10c ./Core/Startup/startup_stm32f103c8tx.o
                0x0000000008000000                g_pfnVectors
                0x000000000800010c                . = ALIGN (0x4)

.text           0x0000000008000110     0xc68c
                0x0000000008000110                . = ALIGN (0x4)
 *(.text)
 .text          0x0000000008000110       0x40 C:/ST/STM32CubeIDE_1.14.0/STM32CubeIDE/plugins/com.st.stm32cube.ide.mcu.externaltools.gnu-tools-for-stm32.11.3.rel1.win32_1.1.100.202309141235/tools/bin/../lib/gcc/arm-none-eabi/11.3.1/thumb/v7-m/nofp/crtbegin.o
 .text          0x0000000008000150       0x10 C:/ST/STM32CubeIDE_1.14.0/STM32CubeIDE/plugins/com.st.stm32cube.ide.mcu.externaltools.gnu-tools-for-stm32.11.3.rel1.win32_1.1.100.202309141235/tools/bin/../lib/gcc/arm-none-eabi/11.3.1/../../../../arm-none-eabi/lib/thumb/v7-m/nofp\libc_nano.a(libc_a-strlen.o)
                0x0000000008000150                strlen
 .text          0x0000000008000160      0x378 C:/ST/STM32CubeIDE_1.14.0/STM32CubeIDE/plugins/com.st.stm32cube.ide.mcu.externaltools.gnu-tools-for-stm32.11.3.rel1.win32_1.1.100.202309141235/tools/bin/../lib/gcc/arm-none-eabi/11.3.1/thumb/v7-m/nofp\libgcc.a(_arm_addsubdf3.o)
                0x0000000008000160                __aeabi_drsub
                0x0000000008000168                __aeabi_dsub
                0x0000000008000168                __subdf3
                0x000000000800016c                __aeabi_dadd
                0x000000000800016c                __adddf3
                0x00000000080003e4                __floatunsidf
                0x00000000080003e4                __aeabi_ui2d
                0x0000000008000404                __floatsidf
                0x0000000008000404                __aeabi_i2d
                0x0000000008000428                __aeabi_f2d
                0x0000000008000428                __extendsfdf2
                0x000000000800046c                __floatundidf
                0x000000000800046c                __aeabi_ul2d
                0x000000000800047c                __floatdidf
                0x000000000800047c                __aeabi_l2d
 .text          0x00000000080004d8      0x424 C:/ST/STM32CubeIDE_1.14.0/STM32CubeIDE/plugins/com.st.stm32cube.ide.mcu.externaltools.gnu-tools-for-stm32.11.3.rel1.win32_1.1.100.202309141235/tools/bin/../lib/gcc/arm-none-eabi/11.3.1/thumb/v7-m/nofp\libgcc.a(_arm_muldivdf3.o)
                0x00000000080004d8                __aeabi_dmul
                0x00000000080004d8                __muldf3
                0x000000000800072c                __divdf3
                0x000000000800072c                __aeabi_ddiv
 .text          0x00000000080008fc      0x110 C:/ST/STM32CubeIDE_1.14.0/STM32CubeIDE/plugins/com.st.stm32cube.ide.mcu.externaltools.gnu-tools-for-stm32.11.3.rel1.win32_1.1.100.202309141235/tools/bin/../lib/gcc/arm-none-eabi/11.3.1/thumb/v7-m/nofp\libgcc.a(_arm_cmpdf2.o)
                0x00000000080008fc                __gtdf2
                0x00000000080008fc                __gedf2
                0x0000000008000904                __ltdf2
                0x0000000008000904                __ledf2
                0x000000000800090c                __nedf2
                0x000000000800090c                __eqdf2
                0x000000000800090c                __cmpdf2
                0x0000000008000988                __aeabi_cdrcmple
                0x0000000008000998                __aeabi_cdcmpeq
                0x0000000008000998                __aeabi_cdcmple
                0x00000000080009a8                __aeabi_dcmpeq
                0x00000000080009bc                __aeabi_dcmplt
                0x00000000080009d0                __aeabi_dcmple
                0x00000000080009e4                __aeabi_dcmpge
                0x00000000080009f8                __aeabi_dcmpgt
 .text          0x0000000008000a0c       0x2c C:/ST/STM32CubeIDE_1.14.0/STM32CubeIDE/plugins/com.st.stm32cube.ide.mcu.externaltools.gnu-tools-for-stm32.11.3.rel1.win32_1.1.100.202309141235/tools/bin/../lib/gcc/arm-none-eabi/11.3.1/thumb/v7-m/nofp\libgcc.a(_arm_unorddf2.o)
                0x0000000008000a0c                __unorddf2
                0x0000000008000a0c                __aeabi_dcmpun
 .text          0x0000000008000a38       0x50 C:/ST/STM32CubeIDE_1.14.0/STM32CubeIDE/plugins/com.st.stm32cube.ide.mcu.externaltools.gnu-tools-for-stm32.11.3.rel1.win32_1.1.100.202309141235/tools/bin/../lib/gcc/arm-none-eabi/11.3.1/thumb/v7-m/nofp\libgcc.a(_arm_fixdfsi.o)
                0x0000000008000a38                __aeabi_d2iz
                0x0000000008000a38                __fixdfsi
 .text          0x0000000008000a88       0x40 C:/ST/STM32CubeIDE_1.14.0/STM32CubeIDE/plugins/com.st.stm32cube.ide.mcu.externaltools.gnu-tools-for-stm32.11.3.rel1.win32_1.1.100.202309141235/tools/bin/../lib/gcc/arm-none-eabi/11.3.1/thumb/v7-m/nofp\libgcc.a(_arm_fixunsdfsi.o)
                0x0000000008000a88                __aeabi_d2uiz
                0x0000000008000a88                __fixunsdfsi
 .text          0x0000000008000ac8       0xa0 C:/ST/STM32CubeIDE_1.14.0/STM32CubeIDE/plugins/com.st.stm32cube.ide.mcu.externaltools.gnu-tools-for-stm32.11.3.rel1.win32_1.1.100.202309141235/tools/bin/../lib/gcc/arm-none-eabi/11.3.1/thumb/v7-m/nofp\libgcc.a(_arm_truncdfsf2.o)
                0x0000000008000ac8                __truncdfsf2
                0x0000000008000ac8                __aeabi_d2f
 .text          0x0000000008000b68      0x21c C:/ST/STM32CubeIDE_1.14.0/STM32CubeIDE/plugins/com.st.stm32cube.ide.mcu.externaltools.gnu-tools-for-stm32.11.3.rel1.win32_1.1.100.202309141235/tools/bin/../lib/gcc/arm-none-eabi/11.3.1/thumb/v7-m/nofp\libgcc.a(_arm_addsubsf3.o)
                0x0000000008000b68                __aeabi_frsub
                0x0000000008000b70                __subsf3
                0x0000000008000b70                __aeabi_fsub
                0x0000000008000b74                __aeabi_fadd
                0x0000000008000b74                __addsf3
                0x0000000008000cd4                __aeabi_ui2f
                0x0000000008000cd4                __floatunsisf
                0x0000000008000cdc                __aeabi_i2f
                0x0000000008000cdc                __floatsisf
                0x0000000008000cf8                __aeabi_ul2f
                0x0000000008000cf8                __floatundisf
                0x0000000008000d08                __aeabi_l2f
                0x0000000008000d08                __floatdisf
 .text          0x0000000008000d84      0x2a0 C:/ST/STM32CubeIDE_1.14.0/STM32CubeIDE/plugins/com.st.stm32cube.ide.mcu.externaltools.gnu-tools-for-stm32.11.3.rel1.win32_1.1.100.202309141235/tools/bin/../lib/gcc/arm-none-eabi/11.3.1/thumb/v7-m/nofp\libgcc.a(_arm_muldivsf3.o)
                0x0000000008000d84                __mulsf3
                0x0000000008000d84                __aeabi_fmul
                0x0000000008000eec                __aeabi_fdiv
                0x0000000008000eec                __divsf3
 .text          0x0000000008001024       0x4c C:/ST/STM32CubeIDE_1.14.0/STM32CubeIDE/plugins/com.st.stm32cube.ide.mcu.externaltools.gnu-tools-for-stm32.11.3.rel1.win32_1.1.100.202309141235/tools/bin/../lib/gcc/arm-none-eabi/11.3.1/thumb/v7-m/nofp\libgcc.a(_arm_fixsfsi.o)
                0x0000000008001024                __aeabi_f2iz
                0x0000000008001024                __fixsfsi
 *(.text*)
 .text.ATC_Init
                0x0000000008001070       0x4c ./Core/Src/atc.o
                0x0000000008001070                ATC_Init
 .text.ATC_TxRaw
                0x00000000080010bc       0x38 ./Core/Src/atc.o
                0x00000000080010bc                ATC_TxRaw
 .text.ATC_TxBusy
                0x00000000080010f4       0x36 ./Core/Src/atc.o
                0x00000000080010f4                ATC_TxBusy
 .text.ATC_TxWait
                0x000000000800112a       0x84 ./Core/Src/atc.o
                0x000000000800112a                ATC_TxWait
 .text.ATC_RxFlush
                0x00000000080011ae       0x28 ./Core/Src/atc.o
                0x00000000080011ae                ATC_RxFlush
 .text.ATC_CheckError
                0x00000000080011d6       0x12 ./Core/Src/atc.o
                0x00000000080011d6                ATC_CheckError
 .text.ATC_Send
                0x00000000080011e8       0x76 ./Core/Src/atc.o
                0x00000000080011e8                ATC_Send
 *fill*         0x000000000800125e        0x2 
 .text.ATC_Receive
                0x0000000008001260       0xa8 ./Core/Src/atc.o
                0x0000000008001260                ATC_Receive
 .text.init_button
                0x0000000008001308       0x50 ./Core/Src/button.o
                0x0000000008001308                init_button
 .text.button_reading
                0x0000000008001358       0xec ./Core/Src/button.o
                0x0000000008001358                button_reading
 .text.updateButtonState
                0x0000000008001444       0x74 ./Core/Src/button.o
                0x0000000008001444                updateButtonState
 .text.is_button_press
                0x00000000080014b8       0x34 ./Core/Src/button.o
                0x00000000080014b8                is_button_press
 .text.is_button_press1s
                0x00000000080014ec       0x34 ./Core/Src/button.o
                0x00000000080014ec                is_button_press1s
 .text.MX_DMA_Init
                0x0000000008001520       0x4c ./Core/Src/dma.o
                0x0000000008001520                MX_DMA_Init
 .text.InitESP  0x000000000800156c       0x18 ./Core/Src/esp-at.o
                0x000000000800156c                InitESP
 .text.ESP_Init
                0x0000000008001584       0x5c ./Core/Src/esp-at.o
                0x0000000008001584                ESP_Init
 .text.ESP_Restart
                0x00000000080015e0       0x5c ./Core/Src/esp-at.o
                0x00000000080015e0                ESP_Restart
 .text.ESP_WifiInit
                0x000000000800163c       0x5c ./Core/Src/esp-at.o
                0x000000000800163c                ESP_WifiInit
 .text.ESP_WifiStationConnect
                0x0000000008001698       0xf0 ./Core/Src/esp-at.o
                0x0000000008001698                ESP_WifiStationConnect
 .text.ESP_WifiMode
                0x0000000008001788       0xc8 ./Core/Src/esp-at.o
                0x0000000008001788                ESP_WifiMode
 .text.ESP_MQTTConfig
                0x0000000008001850       0xbc ./Core/Src/esp-at.o
                0x0000000008001850                ESP_MQTTConfig
 .text.ESP_MQTTConnect
                0x000000000800190c       0xbc ./Core/Src/esp-at.o
                0x000000000800190c                ESP_MQTTConnect
 .text.ESP_MQTTPublish
                0x00000000080019c8       0xb8 ./Core/Src/esp-at.o
                0x00000000080019c8                ESP_MQTTPublish
 .text.ESP_Callback
                0x0000000008001a80       0x48 ./Core/Src/esp-at.o
                0x0000000008001a80                ESP_Callback
 .text.init_System
                0x0000000008001ac8       0x28 ./Core/Src/fsm_lcd.o
                0x0000000008001ac8                init_System
 .text.fsm_readSensor
                0x0000000008001af0       0x3c ./Core/Src/fsm_lcd.o
                0x0000000008001af0                fsm_readSensor
 .text.settingUart_handler
                0x0000000008001b2c       0xe0 ./Core/Src/fsm_lcd.o
                0x0000000008001b2c                settingUart_handler
 .text.settingUnit_handler
                0x0000000008001c0c      0x194 ./Core/Src/fsm_lcd.o
                0x0000000008001c0c                settingUnit_handler
 .text.settingMode_handler
                0x0000000008001da0      0x1b4 ./Core/Src/fsm_lcd.o
                0x0000000008001da0                settingMode_handler
 .text.WeatherStation
                0x0000000008001f54      0x1b0 ./Core/Src/fsm_lcd.o
                0x0000000008001f54                WeatherStation
 .text.MX_GPIO_Init
                0x0000000008002104      0x104 ./Core/Src/gpio.o
                0x0000000008002104                MX_GPIO_Init
 .text.MX_I2C1_Init
                0x0000000008002208       0x5c ./Core/Src/i2c.o
                0x0000000008002208                MX_I2C1_Init
 .text.HAL_I2C_MspInit
                0x0000000008002264       0xa0 ./Core/Src/i2c.o
                0x0000000008002264                HAL_I2C_MspInit
 .text.task1    0x0000000008002304       0x14 ./Core/Src/main.o
                0x0000000008002304                task1
 .text.main     0x0000000008002318       0xa0 ./Core/Src/main.o
                0x0000000008002318                main
 .text.SystemClock_Config
                0x00000000080023b8       0x76 ./Core/Src/main.o
                0x00000000080023b8                SystemClock_Config
 .text.Error_Handler
                0x000000000800242e        0xa ./Core/Src/main.o
                0x000000000800242e                Error_Handler
 .text.InitPhysics
                0x0000000008002438       0x64 ./Core/Src/physics.o
                0x0000000008002438                InitPhysics
 .text.SendRequestDHT20
                0x000000000800249c       0x14 ./Core/Src/physics.o
                0x000000000800249c                SendRequestDHT20
 .text.ReadDHT20
                0x00000000080024b0       0x14 ./Core/Src/physics.o
                0x00000000080024b0                ReadDHT20
 .text.turnOnGreen
                0x00000000080024c4       0x1c ./Core/Src/physics.o
                0x00000000080024c4                turnOnGreen
 .text.turnOnBlue
                0x00000000080024e0       0x18 ./Core/Src/physics.o
                0x00000000080024e0                turnOnBlue
 .text.turnOnRed
                0x00000000080024f8       0x1c ./Core/Src/physics.o
                0x00000000080024f8                turnOnRed
 .text.LCD_DisplayPage1
                0x0000000008002514       0x5c ./Core/Src/physics.o
                0x0000000008002514                LCD_DisplayPage1
 .text.LCD_DisplayPage2
                0x0000000008002570       0xf0 ./Core/Src/physics.o
                0x0000000008002570                LCD_DisplayPage2
 .text.LCD_Clear
                0x0000000008002660       0x14 ./Core/Src/physics.o
                0x0000000008002660                LCD_Clear
 .text.LCD_DisplayPage3
                0x0000000008002674       0xac ./Core/Src/physics.o
                0x0000000008002674                LCD_DisplayPage3
 .text.LCD_DisplayConnectEsp
                0x0000000008002720       0x88 ./Core/Src/physics.o
                0x0000000008002720                LCD_DisplayConnectEsp
 .text.LCD_displaySettingMode
                0x00000000080027a8       0x64 ./Core/Src/physics.o
                0x00000000080027a8                LCD_displaySettingMode
 .text.LCD_displaySettingUart
                0x000000000800280c       0x48 ./Core/Src/physics.o
                0x000000000800280c                LCD_displaySettingUart
 .text.LCD_displaySettingUnit
                0x0000000008002854       0x38 ./Core/Src/physics.o
                0x0000000008002854                LCD_displaySettingUnit
 .text.LCD_displaySettingTemp
                0x000000000800288c       0x54 ./Core/Src/physics.o
                0x000000000800288c                LCD_displaySettingTemp
 .text.LCD_displaySettingPress
                0x00000000080028e0       0x54 ./Core/Src/physics.o
                0x00000000080028e0                LCD_displaySettingPress
 .text.LCD_putChar
                0x0000000008002934       0x20 ./Core/Src/physics.o
                0x0000000008002934                LCD_putChar
 .text.SetCursor
                0x0000000008002954       0x28 ./Core/Src/physics.o
                0x0000000008002954                SetCursor
 .text.LCD_DisplayConnectWifi
                0x000000000800297c       0x38 ./Core/Src/physics.o
                0x000000000800297c                LCD_DisplayConnectWifi
 .text.LCD_DisplayConnectedWifi
                0x00000000080029b4       0x38 ./Core/Src/physics.o
                0x00000000080029b4                LCD_DisplayConnectedWifi
 .text.LCD_DisplayConfigServer
                0x00000000080029ec       0x24 ./Core/Src/physics.o
                0x00000000080029ec                LCD_DisplayConfigServer
 .text.LCD_DisplayConnectServerBroker
                0x0000000008002a10       0x38 ./Core/Src/physics.o
                0x0000000008002a10                LCD_DisplayConnectServerBroker
 .text.ReadPressure
                0x0000000008002a48       0x14 ./Core/Src/physics.o
                0x0000000008002a48                ReadPressure
 .text.SendRequestForLTdata
                0x0000000008002a5c       0x14 ./Core/Src/physics.o
                0x0000000008002a5c                SendRequestForLTdata
 .text.ReadLightIntensity
                0x0000000008002a70       0x14 ./Core/Src/physics.o
                0x0000000008002a70                ReadLightIntensity
 .text.Uart_SendData
                0x0000000008002a84       0x84 ./Core/Src/physics.o
                0x0000000008002a84                Uart_SendData
 .text.Connect_AdafruitServer
                0x0000000008002b08      0x210 ./Core/Src/physics.o
                0x0000000008002b08                Connect_AdafruitServer
 .text.Publish_Temperature_Task
                0x0000000008002d18       0x54 ./Core/Src/physics.o
                0x0000000008002d18                Publish_Temperature_Task
 .text.Publish_Humidity_Task
                0x0000000008002d6c       0x54 ./Core/Src/physics.o
                0x0000000008002d6c                Publish_Humidity_Task
 .text.Publish_LightIntensity_Task
                0x0000000008002dc0       0x4c ./Core/Src/physics.o
                0x0000000008002dc0                Publish_LightIntensity_Task
 .text.Publish_AirPressure_Task
                0x0000000008002e0c       0x54 ./Core/Src/physics.o
                0x0000000008002e0c                Publish_AirPressure_Task
 .text.Publish_Task
                0x0000000008002e60       0x8c ./Core/Src/physics.o
                0x0000000008002e60                Publish_Task
 .text.Reconncet_Server
                0x0000000008002eec       0x34 ./Core/Src/physics.o
                0x0000000008002eec                Reconncet_Server
 .text.Reconnect_MQTTBroker
                0x0000000008002f20       0x30 ./Core/Src/physics.o
                0x0000000008002f20                Reconnect_MQTTBroker
 .text.ResetESP32
                0x0000000008002f50       0x14 ./Core/Src/physics.o
                0x0000000008002f50                ResetESP32
 .text.addNode  0x0000000008002f64       0x38 ./Core/Src/scheduler_O(1).o
                0x0000000008002f64                addNode
 .text.SCH_Init
                0x0000000008002f9c       0x34 ./Core/Src/scheduler_O(1).o
                0x0000000008002f9c                SCH_Init
 .text.SCH_Add_Task
                0x0000000008002fd0      0x2b8 ./Core/Src/scheduler_O(1).o
                0x0000000008002fd0                SCH_Add_Task
 .text.SCH_Delete_Task
                0x0000000008003288       0x50 ./Core/Src/scheduler_O(1).o
                0x0000000008003288                SCH_Delete_Task
 .text.SCH_Update_Task
                0x00000000080032d8       0x40 ./Core/Src/scheduler_O(1).o
                0x00000000080032d8                SCH_Update_Task
 .text.SCH_Dispatch_Task
                0x0000000008003318       0x54 ./Core/Src/scheduler_O(1).o
                0x0000000008003318                SCH_Dispatch_Task
 .text.HAL_TIM_PeriodElapsedCallback
                0x000000000800336c       0x1e ./Core/Src/software_timer.o
                0x000000000800336c                HAL_TIM_PeriodElapsedCallback
 *fill*         0x000000000800338a        0x2 
 .text.HAL_MspInit
                0x000000000800338c       0x64 ./Core/Src/stm32f1xx_hal_msp.o
                0x000000000800338c                HAL_MspInit
 .text.NMI_Handler
                0x00000000080033f0        0x6 ./Core/Src/stm32f1xx_it.o
                0x00000000080033f0                NMI_Handler
 .text.HardFault_Handler
                0x00000000080033f6        0x6 ./Core/Src/stm32f1xx_it.o
                0x00000000080033f6                HardFault_Handler
 .text.MemManage_Handler
                0x00000000080033fc        0x6 ./Core/Src/stm32f1xx_it.o
                0x00000000080033fc                MemManage_Handler
 .text.BusFault_Handler
                0x0000000008003402        0x6 ./Core/Src/stm32f1xx_it.o
                0x0000000008003402                BusFault_Handler
 .text.UsageFault_Handler
                0x0000000008003408        0x6 ./Core/Src/stm32f1xx_it.o
                0x0000000008003408                UsageFault_Handler
 .text.SVC_Handler
                0x000000000800340e        0xc ./Core/Src/stm32f1xx_it.o
                0x000000000800340e                SVC_Handler
 .text.DebugMon_Handler
                0x000000000800341a        0xc ./Core/Src/stm32f1xx_it.o
                0x000000000800341a                DebugMon_Handler
 .text.PendSV_Handler
                0x0000000008003426        0xc ./Core/Src/stm32f1xx_it.o
                0x0000000008003426                PendSV_Handler
 .text.SysTick_Handler
                0x0000000008003432        0xc ./Core/Src/stm32f1xx_it.o
                0x0000000008003432                SysTick_Handler
 *fill*         0x000000000800343e        0x2 
 .text.DMA1_Channel2_IRQHandler
                0x0000000008003440       0x14 ./Core/Src/stm32f1xx_it.o
                0x0000000008003440                DMA1_Channel2_IRQHandler
 .text.DMA1_Channel4_IRQHandler
                0x0000000008003454       0x14 ./Core/Src/stm32f1xx_it.o
                0x0000000008003454                DMA1_Channel4_IRQHandler
 .text.TIM2_IRQHandler
                0x0000000008003468       0x14 ./Core/Src/stm32f1xx_it.o
                0x0000000008003468                TIM2_IRQHandler
 .text.USART1_IRQHandler
                0x000000000800347c       0x14 ./Core/Src/stm32f1xx_it.o
                0x000000000800347c                USART1_IRQHandler
 .text.USART3_IRQHandler
                0x0000000008003490       0x14 ./Core/Src/stm32f1xx_it.o
                0x0000000008003490                USART3_IRQHandler
 .text._getpid  0x00000000080034a4        0xe ./Core/Src/syscalls.o
                0x00000000080034a4                _getpid
 .text._kill    0x00000000080034b2       0x20 ./Core/Src/syscalls.o
                0x00000000080034b2                _kill
 .text._exit    0x00000000080034d2       0x14 ./Core/Src/syscalls.o
                0x00000000080034d2                _exit
 .text._read    0x00000000080034e6       0x3a ./Core/Src/syscalls.o
                0x00000000080034e6                _read
 .text._write   0x0000000008003520       0x38 ./Core/Src/syscalls.o
                0x0000000008003520                _write
 .text._close   0x0000000008003558       0x16 ./Core/Src/syscalls.o
                0x0000000008003558                _close
 .text._fstat   0x000000000800356e       0x1e ./Core/Src/syscalls.o
                0x000000000800356e                _fstat
 .text._isatty  0x000000000800358c       0x14 ./Core/Src/syscalls.o
                0x000000000800358c                _isatty
 .text._lseek   0x00000000080035a0       0x18 ./Core/Src/syscalls.o
                0x00000000080035a0                _lseek
 .text._sbrk    0x00000000080035b8       0x6c ./Core/Src/sysmem.o
                0x00000000080035b8                _sbrk
 .text.SystemInit
                0x0000000008003624        0xc ./Core/Src/system_stm32f1xx.o
                0x0000000008003624                SystemInit
 .text.MX_TIM1_Init
                0x0000000008003630      0x170 ./Core/Src/tim.o
                0x0000000008003630                MX_TIM1_Init
 .text.MX_TIM2_Init
                0x00000000080037a0       0x98 ./Core/Src/tim.o
                0x00000000080037a0                MX_TIM2_Init
 .text.HAL_TIM_Base_MspInit
                0x0000000008003838       0x70 ./Core/Src/tim.o
                0x0000000008003838                HAL_TIM_Base_MspInit
 .text.HAL_TIM_MspPostInit
                0x00000000080038a8       0x68 ./Core/Src/tim.o
                0x00000000080038a8                HAL_TIM_MspPostInit
 .text.HAL_UART_RxCpltCallback
                0x0000000008003910       0xa0 ./Core/Src/uart.o
                0x0000000008003910                HAL_UART_RxCpltCallback
 .text.MX_USART1_UART_Init
                0x00000000080039b0       0x54 ./Core/Src/usart.o
                0x00000000080039b0                MX_USART1_UART_Init
 .text.MX_USART2_UART_Init
                0x0000000008003a04       0x54 ./Core/Src/usart.o
                0x0000000008003a04                MX_USART2_UART_Init
 .text.MX_USART3_UART_Init
                0x0000000008003a58       0x54 ./Core/Src/usart.o
                0x0000000008003a58                MX_USART3_UART_Init
 .text.HAL_UART_MspInit
                0x0000000008003aac      0x264 ./Core/Src/usart.o
                0x0000000008003aac                HAL_UART_MspInit
 .text.Reset_Handler
                0x0000000008003d10       0x48 ./Core/Startup/startup_stm32f103c8tx.o
                0x0000000008003d10                Reset_Handler
 .text.Default_Handler
                0x0000000008003d58        0x2 ./Core/Startup/startup_stm32f103c8tx.o
                0x0000000008003d58                RTC_Alarm_IRQHandler
                0x0000000008003d58                EXTI2_IRQHandler
                0x0000000008003d58                TIM1_CC_IRQHandler
                0x0000000008003d58                PVD_IRQHandler
                0x0000000008003d58                EXTI3_IRQHandler
                0x0000000008003d58                EXTI0_IRQHandler
                0x0000000008003d58                I2C2_EV_IRQHandler
                0x0000000008003d58                ADC1_2_IRQHandler
                0x0000000008003d58                SPI1_IRQHandler
                0x0000000008003d58                TAMPER_IRQHandler
                0x0000000008003d58                RTC_IRQHandler
                0x0000000008003d58                DMA1_Channel7_IRQHandler
                0x0000000008003d58                CAN1_RX1_IRQHandler
                0x0000000008003d58                TIM4_IRQHandler
                0x0000000008003d58                I2C1_EV_IRQHandler
                0x0000000008003d58                DMA1_Channel6_IRQHandler
                0x0000000008003d58                TIM3_IRQHandler
                0x0000000008003d58                RCC_IRQHandler
                0x0000000008003d58                TIM1_TRG_COM_IRQHandler
                0x0000000008003d58                DMA1_Channel1_IRQHandler
                0x0000000008003d58                Default_Handler
                0x0000000008003d58                EXTI15_10_IRQHandler
                0x0000000008003d58                EXTI9_5_IRQHandler
                0x0000000008003d58                SPI2_IRQHandler
                0x0000000008003d58                DMA1_Channel5_IRQHandler
                0x0000000008003d58                EXTI4_IRQHandler
                0x0000000008003d58                USB_LP_CAN1_RX0_IRQHandler
                0x0000000008003d58                USB_HP_CAN1_TX_IRQHandler
                0x0000000008003d58                DMA1_Channel3_IRQHandler
                0x0000000008003d58                TIM1_UP_IRQHandler
                0x0000000008003d58                WWDG_IRQHandler
                0x0000000008003d58                TIM1_BRK_IRQHandler
                0x0000000008003d58                EXTI1_IRQHandler
                0x0000000008003d58                USART2_IRQHandler
                0x0000000008003d58                I2C2_ER_IRQHandler
                0x0000000008003d58                CAN1_SCE_IRQHandler
                0x0000000008003d58                FLASH_IRQHandler
                0x0000000008003d58                I2C1_ER_IRQHandler
                0x0000000008003d58                USBWakeUp_IRQHandler
 .text.BH1750_Init
                0x0000000008003d5a       0x34 ./DeviceLibrary/Src/BH1750.o
                0x0000000008003d5a                BH1750_Init
 .text.BH1750_SendCommand
                0x0000000008003d8e       0x38 ./DeviceLibrary/Src/BH1750.o
                0x0000000008003d8e                BH1750_SendCommand
 *fill*         0x0000000008003dc6        0x2 
 .text.BH1750_ReadData
                0x0000000008003dc8       0x88 ./DeviceLibrary/Src/BH1750.o
                0x0000000008003dc8                BH1750_ReadData
 .text.BH1750_TriggerReceiveData
                0x0000000008003e50       0x48 ./DeviceLibrary/Src/BH1750.o
                0x0000000008003e50                BH1750_TriggerReceiveData
 .text.BMP180_Init
                0x0000000008003e98       0x5c ./DeviceLibrary/Src/BMP180.o
                0x0000000008003e98                BMP180_Init
 .text.BMP180_Get_Calibration_Values
                0x0000000008003ef4      0x1d8 ./DeviceLibrary/Src/BMP180.o
                0x0000000008003ef4                BMP180_Get_Calibration_Values
 .text.BMP180_Get_Uncompansated_Presure
                0x00000000080040cc       0x94 ./DeviceLibrary/Src/BMP180.o
                0x00000000080040cc                BMP180_Get_Uncompansated_Presure
 .text.BMP180_Get_Presure
                0x0000000008004160      0x2b4 ./DeviceLibrary/Src/BMP180.o
                0x0000000008004160                BMP180_Get_Presure
 .text.CLCD_Delay
                0x0000000008004414       0x18 ./DeviceLibrary/Src/CLCD_I2C.o
                0x0000000008004414                CLCD_Delay
 .text.CLCD_WriteI2C
                0x000000000800442c       0xa2 ./DeviceLibrary/Src/CLCD_I2C.o
 .text.CLCD_I2C_Init
                0x00000000080044ce       0xe0 ./DeviceLibrary/Src/CLCD_I2C.o
                0x00000000080044ce                CLCD_I2C_Init
 .text.CLCD_I2C_SetCursor
                0x00000000080045ae       0x86 ./DeviceLibrary/Src/CLCD_I2C.o
                0x00000000080045ae                CLCD_I2C_SetCursor
 .text.CLCD_I2C_WriteChar
                0x0000000008004634       0x20 ./DeviceLibrary/Src/CLCD_I2C.o
                0x0000000008004634                CLCD_I2C_WriteChar
 .text.CLCD_I2C_WriteString
                0x0000000008004654       0x2e ./DeviceLibrary/Src/CLCD_I2C.o
                0x0000000008004654                CLCD_I2C_WriteString
 .text.CLCD_I2C_Clear
                0x0000000008004682       0x1a ./DeviceLibrary/Src/CLCD_I2C.o
                0x0000000008004682                CLCD_I2C_Clear
 .text.DHT20_Init
                0x000000000800469c       0x2e ./DeviceLibrary/Src/DHT20.o
                0x000000000800469c                DHT20_Init
 .text.DHT20_CheckCRC8
                0x00000000080046ca       0x72 ./DeviceLibrary/Src/DHT20.o
                0x00000000080046ca                DHT20_CheckCRC8
 .text.DHT20_SendRequest
                0x000000000800473c       0x84 ./DeviceLibrary/Src/DHT20.o
                0x000000000800473c                DHT20_SendRequest
 .text.DHT20_ReadData
                0x00000000080047c0      0x108 ./DeviceLibrary/Src/DHT20.o
                0x00000000080047c0                DHT20_ReadData
 .text.init_ledRGB
                0x00000000080048c8       0x48 ./DeviceLibrary/Src/ledRGB.o
                0x00000000080048c8                init_ledRGB
 .text.set_codeRGB
                0x0000000008004910       0x70 ./DeviceLibrary/Src/ledRGB.o
                0x0000000008004910                set_codeRGB
 .text.HAL_Init
                0x0000000008004980       0x2c ./Drivers/STM32F1xx_HAL_Driver/Src/stm32f1xx_hal.o
                0x0000000008004980                HAL_Init
 .text.HAL_InitTick
                0x00000000080049ac       0x60 ./Drivers/STM32F1xx_HAL_Driver/Src/stm32f1xx_hal.o
                0x00000000080049ac                HAL_InitTick
 .text.HAL_IncTick
                0x0000000008004a0c       0x24 ./Drivers/STM32F1xx_HAL_Driver/Src/stm32f1xx_hal.o
                0x0000000008004a0c                HAL_IncTick
 .text.HAL_GetTick
                0x0000000008004a30       0x14 ./Drivers/STM32F1xx_HAL_Driver/Src/stm32f1xx_hal.o
                0x0000000008004a30                HAL_GetTick
 .text.HAL_Delay
                0x0000000008004a44       0x48 ./Drivers/STM32F1xx_HAL_Driver/Src/stm32f1xx_hal.o
                0x0000000008004a44                HAL_Delay
 .text.__NVIC_SetPriorityGrouping
                0x0000000008004a8c       0x48 ./Drivers/STM32F1xx_HAL_Driver/Src/stm32f1xx_hal_cortex.o
 .text.__NVIC_GetPriorityGrouping
                0x0000000008004ad4       0x1c ./Drivers/STM32F1xx_HAL_Driver/Src/stm32f1xx_hal_cortex.o
 .text.__NVIC_EnableIRQ
                0x0000000008004af0       0x38 ./Drivers/STM32F1xx_HAL_Driver/Src/stm32f1xx_hal_cortex.o
 .text.__NVIC_SetPriority
                0x0000000008004b28       0x54 ./Drivers/STM32F1xx_HAL_Driver/Src/stm32f1xx_hal_cortex.o
 .text.NVIC_EncodePriority
                0x0000000008004b7c       0x64 ./Drivers/STM32F1xx_HAL_Driver/Src/stm32f1xx_hal_cortex.o
 .text.SysTick_Config
                0x0000000008004be0       0x44 ./Drivers/STM32F1xx_HAL_Driver/Src/stm32f1xx_hal_cortex.o
 .text.HAL_NVIC_SetPriorityGrouping
                0x0000000008004c24       0x16 ./Drivers/STM32F1xx_HAL_Driver/Src/stm32f1xx_hal_cortex.o
                0x0000000008004c24                HAL_NVIC_SetPriorityGrouping
 .text.HAL_NVIC_SetPriority
                0x0000000008004c3a       0x38 ./Drivers/STM32F1xx_HAL_Driver/Src/stm32f1xx_hal_cortex.o
                0x0000000008004c3a                HAL_NVIC_SetPriority
 .text.HAL_NVIC_EnableIRQ
                0x0000000008004c72       0x1c ./Drivers/STM32F1xx_HAL_Driver/Src/stm32f1xx_hal_cortex.o
                0x0000000008004c72                HAL_NVIC_EnableIRQ
 .text.HAL_SYSTICK_Config
                0x0000000008004c8e       0x18 ./Drivers/STM32F1xx_HAL_Driver/Src/stm32f1xx_hal_cortex.o
                0x0000000008004c8e                HAL_SYSTICK_Config
 *fill*         0x0000000008004ca6        0x2 
 .text.HAL_DMA_Init
                0x0000000008004ca8       0xb4 ./Drivers/STM32F1xx_HAL_Driver/Src/stm32f1xx_hal_dma.o
                0x0000000008004ca8                HAL_DMA_Init
 .text.HAL_DMA_Start_IT
                0x0000000008004d5c       0xc0 ./Drivers/STM32F1xx_HAL_Driver/Src/stm32f1xx_hal_dma.o
                0x0000000008004d5c                HAL_DMA_Start_IT
 .text.HAL_DMA_Abort
                0x0000000008004e1c       0x76 ./Drivers/STM32F1xx_HAL_Driver/Src/stm32f1xx_hal_dma.o
                0x0000000008004e1c                HAL_DMA_Abort
 *fill*         0x0000000008004e92        0x2 
 .text.HAL_DMA_Abort_IT
                0x0000000008004e94       0xf0 ./Drivers/STM32F1xx_HAL_Driver/Src/stm32f1xx_hal_dma.o
                0x0000000008004e94                HAL_DMA_Abort_IT
 .text.HAL_DMA_IRQHandler
                0x0000000008004f84      0x20c ./Drivers/STM32F1xx_HAL_Driver/Src/stm32f1xx_hal_dma.o
                0x0000000008004f84                HAL_DMA_IRQHandler
 .text.HAL_DMA_GetError
                0x0000000008005190       0x16 ./Drivers/STM32F1xx_HAL_Driver/Src/stm32f1xx_hal_dma.o
                0x0000000008005190                HAL_DMA_GetError
 .text.DMA_SetConfig
                0x00000000080051a6       0x5a ./Drivers/STM32F1xx_HAL_Driver/Src/stm32f1xx_hal_dma.o
 .text.HAL_GPIO_Init
                0x0000000008005200      0x308 ./Drivers/STM32F1xx_HAL_Driver/Src/stm32f1xx_hal_gpio.o
                0x0000000008005200                HAL_GPIO_Init
 .text.HAL_GPIO_ReadPin
                0x0000000008005508       0x2e ./Drivers/STM32F1xx_HAL_Driver/Src/stm32f1xx_hal_gpio.o
                0x0000000008005508                HAL_GPIO_ReadPin
 .text.HAL_GPIO_WritePin
                0x0000000008005536       0x30 ./Drivers/STM32F1xx_HAL_Driver/Src/stm32f1xx_hal_gpio.o
                0x0000000008005536                HAL_GPIO_WritePin
 .text.HAL_GPIO_TogglePin
                0x0000000008005566       0x32 ./Drivers/STM32F1xx_HAL_Driver/Src/stm32f1xx_hal_gpio.o
                0x0000000008005566                HAL_GPIO_TogglePin
 .text.HAL_I2C_Init
                0x0000000008005598      0x288 ./Drivers/STM32F1xx_HAL_Driver/Src/stm32f1xx_hal_i2c.o
                0x0000000008005598                HAL_I2C_Init
 .text.HAL_I2C_Master_Transmit
                0x0000000008005820      0x1fc ./Drivers/STM32F1xx_HAL_Driver/Src/stm32f1xx_hal_i2c.o
                0x0000000008005820                HAL_I2C_Master_Transmit
 .text.HAL_I2C_Master_Receive
                0x0000000008005a1c      0x4d8 ./Drivers/STM32F1xx_HAL_Driver/Src/stm32f1xx_hal_i2c.o
                0x0000000008005a1c                HAL_I2C_Master_Receive
 .text.HAL_I2C_Mem_Write
                0x0000000008005ef4      0x1f4 ./Drivers/STM32F1xx_HAL_Driver/Src/stm32f1xx_hal_i2c.o
                0x0000000008005ef4                HAL_I2C_Mem_Write
 .text.HAL_I2C_Mem_Read
                0x00000000080060e8      0x4e8 ./Drivers/STM32F1xx_HAL_Driver/Src/stm32f1xx_hal_i2c.o
                0x00000000080060e8                HAL_I2C_Mem_Read
 .text.HAL_I2C_IsDeviceReady
                0x00000000080065d0      0x25c ./Drivers/STM32F1xx_HAL_Driver/Src/stm32f1xx_hal_i2c.o
                0x00000000080065d0                HAL_I2C_IsDeviceReady
 .text.I2C_MasterRequestWrite
                0x000000000800682c      0x104 ./Drivers/STM32F1xx_HAL_Driver/Src/stm32f1xx_hal_i2c.o
 .text.I2C_MasterRequestRead
                0x0000000008006930      0x19c ./Drivers/STM32F1xx_HAL_Driver/Src/stm32f1xx_hal_i2c.o
 .text.I2C_RequestMemoryWrite
                0x0000000008006acc      0x12c ./Drivers/STM32F1xx_HAL_Driver/Src/stm32f1xx_hal_i2c.o
 .text.I2C_RequestMemoryRead
                0x0000000008006bf8      0x1d0 ./Drivers/STM32F1xx_HAL_Driver/Src/stm32f1xx_hal_i2c.o
 .text.I2C_WaitOnFlagUntilTimeout
                0x0000000008006dc8       0xf4 ./Drivers/STM32F1xx_HAL_Driver/Src/stm32f1xx_hal_i2c.o
 .text.I2C_WaitOnMasterAddressFlagUntilTimeout
                0x0000000008006ebc      0x140 ./Drivers/STM32F1xx_HAL_Driver/Src/stm32f1xx_hal_i2c.o
 .text.I2C_WaitOnTXEFlagUntilTimeout
                0x0000000008006ffc       0x90 ./Drivers/STM32F1xx_HAL_Driver/Src/stm32f1xx_hal_i2c.o
 .text.I2C_WaitOnBTFFlagUntilTimeout
                0x000000000800708c       0x90 ./Drivers/STM32F1xx_HAL_Driver/Src/stm32f1xx_hal_i2c.o
 .text.I2C_WaitOnRXNEFlagUntilTimeout
                0x000000000800711c       0xba ./Drivers/STM32F1xx_HAL_Driver/Src/stm32f1xx_hal_i2c.o
 .text.I2C_IsAcknowledgeFailed
                0x00000000080071d6       0x5c ./Drivers/STM32F1xx_HAL_Driver/Src/stm32f1xx_hal_i2c.o
 *fill*         0x0000000008007232        0x2 
 .text.HAL_RCC_OscConfig
                0x0000000008007234      0x504 ./Drivers/STM32F1xx_HAL_Driver/Src/stm32f1xx_hal_rcc.o
                0x0000000008007234                HAL_RCC_OscConfig
 .text.HAL_RCC_ClockConfig
                0x0000000008007738      0x1d4 ./Drivers/STM32F1xx_HAL_Driver/Src/stm32f1xx_hal_rcc.o
                0x0000000008007738                HAL_RCC_ClockConfig
 .text.HAL_RCC_GetSysClockFreq
                0x000000000800790c       0xa8 ./Drivers/STM32F1xx_HAL_Driver/Src/stm32f1xx_hal_rcc.o
                0x000000000800790c                HAL_RCC_GetSysClockFreq
 .text.HAL_RCC_GetHCLKFreq
                0x00000000080079b4       0x14 ./Drivers/STM32F1xx_HAL_Driver/Src/stm32f1xx_hal_rcc.o
                0x00000000080079b4                HAL_RCC_GetHCLKFreq
 .text.HAL_RCC_GetPCLK1Freq
                0x00000000080079c8       0x28 ./Drivers/STM32F1xx_HAL_Driver/Src/stm32f1xx_hal_rcc.o
                0x00000000080079c8                HAL_RCC_GetPCLK1Freq
 .text.HAL_RCC_GetPCLK2Freq
                0x00000000080079f0       0x28 ./Drivers/STM32F1xx_HAL_Driver/Src/stm32f1xx_hal_rcc.o
                0x00000000080079f0                HAL_RCC_GetPCLK2Freq
 .text.RCC_Delay
                0x0000000008007a18       0x3c ./Drivers/STM32F1xx_HAL_Driver/Src/stm32f1xx_hal_rcc.o
 .text.HAL_TIM_Base_Init
                0x0000000008007a54       0x9e ./Drivers/STM32F1xx_HAL_Driver/Src/stm32f1xx_hal_tim.o
                0x0000000008007a54                HAL_TIM_Base_Init
 *fill*         0x0000000008007af2        0x2 
 .text.HAL_TIM_Base_Start_IT
                0x0000000008007af4       0xa4 ./Drivers/STM32F1xx_HAL_Driver/Src/stm32f1xx_hal_tim.o
                0x0000000008007af4                HAL_TIM_Base_Start_IT
 .text.HAL_TIM_PWM_Init
                0x0000000008007b98       0x9e ./Drivers/STM32F1xx_HAL_Driver/Src/stm32f1xx_hal_tim.o
                0x0000000008007b98                HAL_TIM_PWM_Init
 .text.HAL_TIM_PWM_MspInit
                0x0000000008007c36       0x12 ./Drivers/STM32F1xx_HAL_Driver/Src/stm32f1xx_hal_tim.o
                0x0000000008007c36                HAL_TIM_PWM_MspInit
 .text.HAL_TIM_PWM_Start
                0x0000000008007c48      0x144 ./Drivers/STM32F1xx_HAL_Driver/Src/stm32f1xx_hal_tim.o
                0x0000000008007c48                HAL_TIM_PWM_Start
 .text.HAL_TIM_IRQHandler
                0x0000000008007d8c      0x1e0 ./Drivers/STM32F1xx_HAL_Driver/Src/stm32f1xx_hal_tim.o
                0x0000000008007d8c                HAL_TIM_IRQHandler
 .text.HAL_TIM_PWM_ConfigChannel
                0x0000000008007f6c      0x184 ./Drivers/STM32F1xx_HAL_Driver/Src/stm32f1xx_hal_tim.o
                0x0000000008007f6c                HAL_TIM_PWM_ConfigChannel
 .text.HAL_TIM_ConfigClockSource
                0x00000000080080f0      0x18e ./Drivers/STM32F1xx_HAL_Driver/Src/stm32f1xx_hal_tim.o
                0x00000000080080f0                HAL_TIM_ConfigClockSource
 .text.HAL_TIM_OC_DelayElapsedCallback
                0x000000000800827e       0x12 ./Drivers/STM32F1xx_HAL_Driver/Src/stm32f1xx_hal_tim.o
                0x000000000800827e                HAL_TIM_OC_DelayElapsedCallback
 .text.HAL_TIM_IC_CaptureCallback
                0x0000000008008290       0x12 ./Drivers/STM32F1xx_HAL_Driver/Src/stm32f1xx_hal_tim.o
                0x0000000008008290                HAL_TIM_IC_CaptureCallback
 .text.HAL_TIM_PWM_PulseFinishedCallback
                0x00000000080082a2       0x12 ./Drivers/STM32F1xx_HAL_Driver/Src/stm32f1xx_hal_tim.o
                0x00000000080082a2                HAL_TIM_PWM_PulseFinishedCallback
 .text.HAL_TIM_TriggerCallback
                0x00000000080082b4       0x12 ./Drivers/STM32F1xx_HAL_Driver/Src/stm32f1xx_hal_tim.o
                0x00000000080082b4                HAL_TIM_TriggerCallback
 *fill*         0x00000000080082c6        0x2 
 .text.TIM_Base_SetConfig
                0x00000000080082c8       0xdc ./Drivers/STM32F1xx_HAL_Driver/Src/stm32f1xx_hal_tim.o
                0x00000000080082c8                TIM_Base_SetConfig
 .text.TIM_OC1_SetConfig
                0x00000000080083a4       0xcc ./Drivers/STM32F1xx_HAL_Driver/Src/stm32f1xx_hal_tim.o
 .text.TIM_OC2_SetConfig
                0x0000000008008470       0xd4 ./Drivers/STM32F1xx_HAL_Driver/Src/stm32f1xx_hal_tim.o
                0x0000000008008470                TIM_OC2_SetConfig
 .text.TIM_OC3_SetConfig
                0x0000000008008544       0xd4 ./Drivers/STM32F1xx_HAL_Driver/Src/stm32f1xx_hal_tim.o
 .text.TIM_OC4_SetConfig
                0x0000000008008618       0x9c ./Drivers/STM32F1xx_HAL_Driver/Src/stm32f1xx_hal_tim.o
 .text.TIM_TI1_ConfigInputStage
                0x00000000080086b4       0x5c ./Drivers/STM32F1xx_HAL_Driver/Src/stm32f1xx_hal_tim.o
 .text.TIM_TI2_ConfigInputStage
                0x0000000008008710       0x5e ./Drivers/STM32F1xx_HAL_Driver/Src/stm32f1xx_hal_tim.o
 .text.TIM_ITRx_SetConfig
                0x000000000800876e       0x34 ./Drivers/STM32F1xx_HAL_Driver/Src/stm32f1xx_hal_tim.o
 .text.TIM_ETR_SetConfig
                0x00000000080087a2       0x3e ./Drivers/STM32F1xx_HAL_Driver/Src/stm32f1xx_hal_tim.o
                0x00000000080087a2                TIM_ETR_SetConfig
 .text.TIM_CCxChannelCmd
                0x00000000080087e0       0x48 ./Drivers/STM32F1xx_HAL_Driver/Src/stm32f1xx_hal_tim.o
                0x00000000080087e0                TIM_CCxChannelCmd
 .text.HAL_TIMEx_MasterConfigSynchronization
                0x0000000008008828       0xbc ./Drivers/STM32F1xx_HAL_Driver/Src/stm32f1xx_hal_tim_ex.o
                0x0000000008008828                HAL_TIMEx_MasterConfigSynchronization
 .text.HAL_TIMEx_ConfigBreakDeadTime
                0x00000000080088e4       0xa2 ./Drivers/STM32F1xx_HAL_Driver/Src/stm32f1xx_hal_tim_ex.o
                0x00000000080088e4                HAL_TIMEx_ConfigBreakDeadTime
 .text.HAL_TIMEx_CommutCallback
                0x0000000008008986       0x12 ./Drivers/STM32F1xx_HAL_Driver/Src/stm32f1xx_hal_tim_ex.o
                0x0000000008008986                HAL_TIMEx_CommutCallback
 .text.HAL_TIMEx_BreakCallback
                0x0000000008008998       0x12 ./Drivers/STM32F1xx_HAL_Driver/Src/stm32f1xx_hal_tim_ex.o
                0x0000000008008998                HAL_TIMEx_BreakCallback
 .text.HAL_UART_Init
                0x00000000080089aa       0xa0 ./Drivers/STM32F1xx_HAL_Driver/Src/stm32f1xx_hal_uart.o
                0x00000000080089aa                HAL_UART_Init
 .text.HAL_UART_Transmit
                0x0000000008008a4a      0x116 ./Drivers/STM32F1xx_HAL_Driver/Src/stm32f1xx_hal_uart.o
                0x0000000008008a4a                HAL_UART_Transmit
 .text.HAL_UART_Receive_IT
                0x0000000008008b60       0x4a ./Drivers/STM32F1xx_HAL_Driver/Src/stm32f1xx_hal_uart.o
                0x0000000008008b60                HAL_UART_Receive_IT
 *fill*         0x0000000008008baa        0x2 
 .text.HAL_UART_Transmit_DMA
                0x0000000008008bac       0xe0 ./Drivers/STM32F1xx_HAL_Driver/Src/stm32f1xx_hal_uart.o
                0x0000000008008bac                HAL_UART_Transmit_DMA
 .text.HAL_UART_AbortTransmit
                0x0000000008008c8c       0xd0 ./Drivers/STM32F1xx_HAL_Driver/Src/stm32f1xx_hal_uart.o
                0x0000000008008c8c                HAL_UART_AbortTransmit
 .text.HAL_UART_IRQHandler
                0x0000000008008d5c      0x524 ./Drivers/STM32F1xx_HAL_Driver/Src/stm32f1xx_hal_uart.o
                0x0000000008008d5c                HAL_UART_IRQHandler
 .text.HAL_UART_TxCpltCallback
                0x0000000008009280       0x12 ./Drivers/STM32F1xx_HAL_Driver/Src/stm32f1xx_hal_uart.o
                0x0000000008009280                HAL_UART_TxCpltCallback
 .text.HAL_UART_TxHalfCpltCallback
                0x0000000008009292       0x12 ./Drivers/STM32F1xx_HAL_Driver/Src/stm32f1xx_hal_uart.o
                0x0000000008009292                HAL_UART_TxHalfCpltCallback
 .text.HAL_UART_ErrorCallback
                0x00000000080092a4       0x12 ./Drivers/STM32F1xx_HAL_Driver/Src/stm32f1xx_hal_uart.o
                0x00000000080092a4                HAL_UART_ErrorCallback
 .text.HAL_UARTEx_RxEventCallback
                0x00000000080092b6       0x16 ./Drivers/STM32F1xx_HAL_Driver/Src/stm32f1xx_hal_uart.o
                0x00000000080092b6                HAL_UARTEx_RxEventCallback
 .text.HAL_UART_GetState
                0x00000000080092cc       0x3a ./Drivers/STM32F1xx_HAL_Driver/Src/stm32f1xx_hal_uart.o
                0x00000000080092cc                HAL_UART_GetState
 .text.UART_DMATransmitCplt
                0x0000000008009306       0x9a ./Drivers/STM32F1xx_HAL_Driver/Src/stm32f1xx_hal_uart.o
 .text.UART_DMATxHalfCplt
                0x00000000080093a0       0x1c ./Drivers/STM32F1xx_HAL_Driver/Src/stm32f1xx_hal_uart.o
 .text.UART_DMAError
                0x00000000080093bc       0x94 ./Drivers/STM32F1xx_HAL_Driver/Src/stm32f1xx_hal_uart.o
 .text.UART_WaitOnFlagUntilTimeout
                0x0000000008009450       0xb2 ./Drivers/STM32F1xx_HAL_Driver/Src/stm32f1xx_hal_uart.o
 .text.UART_Start_Receive_IT
                0x0000000008009502       0x72 ./Drivers/STM32F1xx_HAL_Driver/Src/stm32f1xx_hal_uart.o
                0x0000000008009502                UART_Start_Receive_IT
 .text.UART_EndTxTransfer
                0x0000000008009574       0x4e ./Drivers/STM32F1xx_HAL_Driver/Src/stm32f1xx_hal_uart.o
 .text.UART_EndRxTransfer
                0x00000000080095c2       0xc4 ./Drivers/STM32F1xx_HAL_Driver/Src/stm32f1xx_hal_uart.o
 .text.UART_DMAAbortOnError
                0x0000000008009686       0x28 ./Drivers/STM32F1xx_HAL_Driver/Src/stm32f1xx_hal_uart.o
 .text.UART_Transmit_IT
                0x00000000080096ae       0x9e ./Drivers/STM32F1xx_HAL_Driver/Src/stm32f1xx_hal_uart.o
 .text.UART_EndTransmit_IT
                0x000000000800974c       0x30 ./Drivers/STM32F1xx_HAL_Driver/Src/stm32f1xx_hal_uart.o
 .text.UART_Receive_IT
                0x000000000800977c      0x17c ./Drivers/STM32F1xx_HAL_Driver/Src/stm32f1xx_hal_uart.o
 .text.UART_SetConfig
                0x00000000080098f8      0x11c ./Drivers/STM32F1xx_HAL_Driver/Src/stm32f1xx_hal_uart.o
 .text.malloc   0x0000000008009a14       0x10 C:/ST/STM32CubeIDE_1.14.0/STM32CubeIDE/plugins/com.st.stm32cube.ide.mcu.externaltools.gnu-tools-for-stm32.11.3.rel1.win32_1.1.100.202309141235/tools/bin/../lib/gcc/arm-none-eabi/11.3.1/../../../../arm-none-eabi/lib/thumb/v7-m/nofp\libc_nano.a(libc_a-malloc.o)
                0x0000000008009a14                malloc
 .text.sbrk_aligned
                0x0000000008009a24       0x40 C:/ST/STM32CubeIDE_1.14.0/STM32CubeIDE/plugins/com.st.stm32cube.ide.mcu.externaltools.gnu-tools-for-stm32.11.3.rel1.win32_1.1.100.202309141235/tools/bin/../lib/gcc/arm-none-eabi/11.3.1/../../../../arm-none-eabi/lib/thumb/v7-m/nofp\libc_nano.a(libc_a-mallocr.o)
 .text._malloc_r
                0x0000000008009a64      0x100 C:/ST/STM32CubeIDE_1.14.0/STM32CubeIDE/plugins/com.st.stm32cube.ide.mcu.externaltools.gnu-tools-for-stm32.11.3.rel1.win32_1.1.100.202309141235/tools/bin/../lib/gcc/arm-none-eabi/11.3.1/../../../../arm-none-eabi/lib/thumb/v7-m/nofp\libc_nano.a(libc_a-mallocr.o)
                0x0000000008009a64                _malloc_r
 .text.__malloc_lock
                0x0000000008009b64        0xc C:/ST/STM32CubeIDE_1.14.0/STM32CubeIDE/plugins/com.st.stm32cube.ide.mcu.externaltools.gnu-tools-for-stm32.11.3.rel1.win32_1.1.100.202309141235/tools/bin/../lib/gcc/arm-none-eabi/11.3.1/../../../../arm-none-eabi/lib/thumb/v7-m/nofp\libc_nano.a(libc_a-mlock.o)
                0x0000000008009b64                __malloc_lock
 .text.__malloc_unlock
                0x0000000008009b70        0xc C:/ST/STM32CubeIDE_1.14.0/STM32CubeIDE/plugins/com.st.stm32cube.ide.mcu.externaltools.gnu-tools-for-stm32.11.3.rel1.win32_1.1.100.202309141235/tools/bin/../lib/gcc/arm-none-eabi/11.3.1/../../../../arm-none-eabi/lib/thumb/v7-m/nofp\libc_nano.a(libc_a-mlock.o)
                0x0000000008009b70                __malloc_unlock
 .text.__cvt    0x0000000008009b7c       0xbe C:/ST/STM32CubeIDE_1.14.0/STM32CubeIDE/plugins/com.st.stm32cube.ide.mcu.externaltools.gnu-tools-for-stm32.11.3.rel1.win32_1.1.100.202309141235/tools/bin/../lib/gcc/arm-none-eabi/11.3.1/../../../../arm-none-eabi/lib/thumb/v7-m/nofp\libc_nano.a(libc_a-nano-vfprintf_float.o)
                0x0000000008009b7c                __cvt
 .text.__exponent
                0x0000000008009c3a       0x7a C:/ST/STM32CubeIDE_1.14.0/STM32CubeIDE/plugins/com.st.stm32cube.ide.mcu.externaltools.gnu-tools-for-stm32.11.3.rel1.win32_1.1.100.202309141235/tools/bin/../lib/gcc/arm-none-eabi/11.3.1/../../../../arm-none-eabi/lib/thumb/v7-m/nofp\libc_nano.a(libc_a-nano-vfprintf_float.o)
                0x0000000008009c3a                __exponent
 .text._printf_float
                0x0000000008009cb4      0x45c C:/ST/STM32CubeIDE_1.14.0/STM32CubeIDE/plugins/com.st.stm32cube.ide.mcu.externaltools.gnu-tools-for-stm32.11.3.rel1.win32_1.1.100.202309141235/tools/bin/../lib/gcc/arm-none-eabi/11.3.1/../../../../arm-none-eabi/lib/thumb/v7-m/nofp\libc_nano.a(libc_a-nano-vfprintf_float.o)
                0x0000000008009cb4                _printf_float
 .text._printf_common
                0x000000000800a110       0xe4 C:/ST/STM32CubeIDE_1.14.0/STM32CubeIDE/plugins/com.st.stm32cube.ide.mcu.externaltools.gnu-tools-for-stm32.11.3.rel1.win32_1.1.100.202309141235/tools/bin/../lib/gcc/arm-none-eabi/11.3.1/../../../../arm-none-eabi/lib/thumb/v7-m/nofp\libc_nano.a(libc_a-nano-vfprintf_i.o)
                0x000000000800a110                _printf_common
 .text._printf_i
                0x000000000800a1f4      0x244 C:/ST/STM32CubeIDE_1.14.0/STM32CubeIDE/plugins/com.st.stm32cube.ide.mcu.externaltools.gnu-tools-for-stm32.11.3.rel1.win32_1.1.100.202309141235/tools/bin/../lib/gcc/arm-none-eabi/11.3.1/../../../../arm-none-eabi/lib/thumb/v7-m/nofp\libc_nano.a(libc_a-nano-vfprintf_i.o)
                0x000000000800a1f4                _printf_i
 .text.std      0x000000000800a438       0x6c C:/ST/STM32CubeIDE_1.14.0/STM32CubeIDE/plugins/com.st.stm32cube.ide.mcu.externaltools.gnu-tools-for-stm32.11.3.rel1.win32_1.1.100.202309141235/tools/bin/../lib/gcc/arm-none-eabi/11.3.1/../../../../arm-none-eabi/lib/thumb/v7-m/nofp\libc_nano.a(libc_a-findfp.o)
 .text.stdio_exit_handler
                0x000000000800a4a4       0x18 C:/ST/STM32CubeIDE_1.14.0/STM32CubeIDE/plugins/com.st.stm32cube.ide.mcu.externaltools.gnu-tools-for-stm32.11.3.rel1.win32_1.1.100.202309141235/tools/bin/../lib/gcc/arm-none-eabi/11.3.1/../../../../arm-none-eabi/lib/thumb/v7-m/nofp\libc_nano.a(libc_a-findfp.o)
 .text.cleanup_stdio
                0x000000000800a4bc       0x40 C:/ST/STM32CubeIDE_1.14.0/STM32CubeIDE/plugins/com.st.stm32cube.ide.mcu.externaltools.gnu-tools-for-stm32.11.3.rel1.win32_1.1.100.202309141235/tools/bin/../lib/gcc/arm-none-eabi/11.3.1/../../../../arm-none-eabi/lib/thumb/v7-m/nofp\libc_nano.a(libc_a-findfp.o)
 .text.global_stdio_init.part.0
                0x000000000800a4fc       0x3c C:/ST/STM32CubeIDE_1.14.0/STM32CubeIDE/plugins/com.st.stm32cube.ide.mcu.externaltools.gnu-tools-for-stm32.11.3.rel1.win32_1.1.100.202309141235/tools/bin/../lib/gcc/arm-none-eabi/11.3.1/../../../../arm-none-eabi/lib/thumb/v7-m/nofp\libc_nano.a(libc_a-findfp.o)
 .text.__sfp_lock_acquire
                0x000000000800a538        0xc C:/ST/STM32CubeIDE_1.14.0/STM32CubeIDE/plugins/com.st.stm32cube.ide.mcu.externaltools.gnu-tools-for-stm32.11.3.rel1.win32_1.1.100.202309141235/tools/bin/../lib/gcc/arm-none-eabi/11.3.1/../../../../arm-none-eabi/lib/thumb/v7-m/nofp\libc_nano.a(libc_a-findfp.o)
                0x000000000800a538                __sfp_lock_acquire
 .text.__sfp_lock_release
                0x000000000800a544        0xc C:/ST/STM32CubeIDE_1.14.0/STM32CubeIDE/plugins/com.st.stm32cube.ide.mcu.externaltools.gnu-tools-for-stm32.11.3.rel1.win32_1.1.100.202309141235/tools/bin/../lib/gcc/arm-none-eabi/11.3.1/../../../../arm-none-eabi/lib/thumb/v7-m/nofp\libc_nano.a(libc_a-findfp.o)
                0x000000000800a544                __sfp_lock_release
 .text.__sinit  0x000000000800a550       0x30 C:/ST/STM32CubeIDE_1.14.0/STM32CubeIDE/plugins/com.st.stm32cube.ide.mcu.externaltools.gnu-tools-for-stm32.11.3.rel1.win32_1.1.100.202309141235/tools/bin/../lib/gcc/arm-none-eabi/11.3.1/../../../../arm-none-eabi/lib/thumb/v7-m/nofp\libc_nano.a(libc_a-findfp.o)
                0x000000000800a550                __sinit
 .text._fwalk_sglue
                0x000000000800a580       0x3c C:/ST/STM32CubeIDE_1.14.0/STM32CubeIDE/plugins/com.st.stm32cube.ide.mcu.externaltools.gnu-tools-for-stm32.11.3.rel1.win32_1.1.100.202309141235/tools/bin/../lib/gcc/arm-none-eabi/11.3.1/../../../../arm-none-eabi/lib/thumb/v7-m/nofp\libc_nano.a(libc_a-fwalk.o)
                0x000000000800a580                _fwalk_sglue
 .text.snprintf
                0x000000000800a5bc       0x68 C:/ST/STM32CubeIDE_1.14.0/STM32CubeIDE/plugins/com.st.stm32cube.ide.mcu.externaltools.gnu-tools-for-stm32.11.3.rel1.win32_1.1.100.202309141235/tools/bin/../lib/gcc/arm-none-eabi/11.3.1/../../../../arm-none-eabi/lib/thumb/v7-m/nofp\libc_nano.a(libc_a-snprintf.o)
                0x000000000800a5bc                sniprintf
                0x000000000800a5bc                snprintf
 .text.sprintf  0x000000000800a624       0x40 C:/ST/STM32CubeIDE_1.14.0/STM32CubeIDE/plugins/com.st.stm32cube.ide.mcu.externaltools.gnu-tools-for-stm32.11.3.rel1.win32_1.1.100.202309141235/tools/bin/../lib/gcc/arm-none-eabi/11.3.1/../../../../arm-none-eabi/lib/thumb/v7-m/nofp\libc_nano.a(libc_a-sprintf.o)
                0x000000000800a624                siprintf
                0x000000000800a624                sprintf
 .text.__sread  0x000000000800a664       0x22 C:/ST/STM32CubeIDE_1.14.0/STM32CubeIDE/plugins/com.st.stm32cube.ide.mcu.externaltools.gnu-tools-for-stm32.11.3.rel1.win32_1.1.100.202309141235/tools/bin/../lib/gcc/arm-none-eabi/11.3.1/../../../../arm-none-eabi/lib/thumb/v7-m/nofp\libc_nano.a(libc_a-stdio.o)
                0x000000000800a664                __sread
 .text.__swrite
                0x000000000800a686       0x38 C:/ST/STM32CubeIDE_1.14.0/STM32CubeIDE/plugins/com.st.stm32cube.ide.mcu.externaltools.gnu-tools-for-stm32.11.3.rel1.win32_1.1.100.202309141235/tools/bin/../lib/gcc/arm-none-eabi/11.3.1/../../../../arm-none-eabi/lib/thumb/v7-m/nofp\libc_nano.a(libc_a-stdio.o)
                0x000000000800a686                __swrite
 .text.__sseek  0x000000000800a6be       0x24 C:/ST/STM32CubeIDE_1.14.0/STM32CubeIDE/plugins/com.st.stm32cube.ide.mcu.externaltools.gnu-tools-for-stm32.11.3.rel1.win32_1.1.100.202309141235/tools/bin/../lib/gcc/arm-none-eabi/11.3.1/../../../../arm-none-eabi/lib/thumb/v7-m/nofp\libc_nano.a(libc_a-stdio.o)
                0x000000000800a6be                __sseek
 .text.__sclose
                0x000000000800a6e2        0x8 C:/ST/STM32CubeIDE_1.14.0/STM32CubeIDE/plugins/com.st.stm32cube.ide.mcu.externaltools.gnu-tools-for-stm32.11.3.rel1.win32_1.1.100.202309141235/tools/bin/../lib/gcc/arm-none-eabi/11.3.1/../../../../arm-none-eabi/lib/thumb/v7-m/nofp\libc_nano.a(libc_a-stdio.o)
                0x000000000800a6e2                __sclose
 .text.memset   0x000000000800a6ea       0x10 C:/ST/STM32CubeIDE_1.14.0/STM32CubeIDE/plugins/com.st.stm32cube.ide.mcu.externaltools.gnu-tools-for-stm32.11.3.rel1.win32_1.1.100.202309141235/tools/bin/../lib/gcc/arm-none-eabi/11.3.1/../../../../arm-none-eabi/lib/thumb/v7-m/nofp\libc_nano.a(libc_a-memset.o)
                0x000000000800a6ea                memset
 .text.strstr   0x000000000800a6fa       0x2c C:/ST/STM32CubeIDE_1.14.0/STM32CubeIDE/plugins/com.st.stm32cube.ide.mcu.externaltools.gnu-tools-for-stm32.11.3.rel1.win32_1.1.100.202309141235/tools/bin/../lib/gcc/arm-none-eabi/11.3.1/../../../../arm-none-eabi/lib/thumb/v7-m/nofp\libc_nano.a(libc_a-strstr.o)
                0x000000000800a6fa                strstr
 *fill*         0x000000000800a726        0x2 
 .text._localeconv_r
                0x000000000800a728        0x8 C:/ST/STM32CubeIDE_1.14.0/STM32CubeIDE/plugins/com.st.stm32cube.ide.mcu.externaltools.gnu-tools-for-stm32.11.3.rel1.win32_1.1.100.202309141235/tools/bin/../lib/gcc/arm-none-eabi/11.3.1/../../../../arm-none-eabi/lib/thumb/v7-m/nofp\libc_nano.a(libc_a-localeconv.o)
                0x000000000800a728                _localeconv_r
 .text._close_r
                0x000000000800a730       0x20 C:/ST/STM32CubeIDE_1.14.0/STM32CubeIDE/plugins/com.st.stm32cube.ide.mcu.externaltools.gnu-tools-for-stm32.11.3.rel1.win32_1.1.100.202309141235/tools/bin/../lib/gcc/arm-none-eabi/11.3.1/../../../../arm-none-eabi/lib/thumb/v7-m/nofp\libc_nano.a(libc_a-closer.o)
                0x000000000800a730                _close_r
 .text._lseek_r
                0x000000000800a750       0x24 C:/ST/STM32CubeIDE_1.14.0/STM32CubeIDE/plugins/com.st.stm32cube.ide.mcu.externaltools.gnu-tools-for-stm32.11.3.rel1.win32_1.1.100.202309141235/tools/bin/../lib/gcc/arm-none-eabi/11.3.1/../../../../arm-none-eabi/lib/thumb/v7-m/nofp\libc_nano.a(libc_a-lseekr.o)
                0x000000000800a750                _lseek_r
 .text._read_r  0x000000000800a774       0x24 C:/ST/STM32CubeIDE_1.14.0/STM32CubeIDE/plugins/com.st.stm32cube.ide.mcu.externaltools.gnu-tools-for-stm32.11.3.rel1.win32_1.1.100.202309141235/tools/bin/../lib/gcc/arm-none-eabi/11.3.1/../../../../arm-none-eabi/lib/thumb/v7-m/nofp\libc_nano.a(libc_a-readr.o)
                0x000000000800a774                _read_r
 .text._sbrk_r  0x000000000800a798       0x20 C:/ST/STM32CubeIDE_1.14.0/STM32CubeIDE/plugins/com.st.stm32cube.ide.mcu.externaltools.gnu-tools-for-stm32.11.3.rel1.win32_1.1.100.202309141235/tools/bin/../lib/gcc/arm-none-eabi/11.3.1/../../../../arm-none-eabi/lib/thumb/v7-m/nofp\libc_nano.a(libc_a-sbrkr.o)
                0x000000000800a798                _sbrk_r
 .text._write_r
                0x000000000800a7b8       0x24 C:/ST/STM32CubeIDE_1.14.0/STM32CubeIDE/plugins/com.st.stm32cube.ide.mcu.externaltools.gnu-tools-for-stm32.11.3.rel1.win32_1.1.100.202309141235/tools/bin/../lib/gcc/arm-none-eabi/11.3.1/../../../../arm-none-eabi/lib/thumb/v7-m/nofp\libc_nano.a(libc_a-writer.o)
                0x000000000800a7b8                _write_r
 .text.__errno  0x000000000800a7dc        0xc C:/ST/STM32CubeIDE_1.14.0/STM32CubeIDE/plugins/com.st.stm32cube.ide.mcu.externaltools.gnu-tools-for-stm32.11.3.rel1.win32_1.1.100.202309141235/tools/bin/../lib/gcc/arm-none-eabi/11.3.1/../../../../arm-none-eabi/lib/thumb/v7-m/nofp\libc_nano.a(libc_a-errno.o)
                0x000000000800a7dc                __errno
 .text.__libc_init_array
                0x000000000800a7e8       0x48 C:/ST/STM32CubeIDE_1.14.0/STM32CubeIDE/plugins/com.st.stm32cube.ide.mcu.externaltools.gnu-tools-for-stm32.11.3.rel1.win32_1.1.100.202309141235/tools/bin/../lib/gcc/arm-none-eabi/11.3.1/../../../../arm-none-eabi/lib/thumb/v7-m/nofp\libc_nano.a(libc_a-init.o)
                0x000000000800a7e8                __libc_init_array
 .text.__retarget_lock_init_recursive
                0x000000000800a830        0x2 C:/ST/STM32CubeIDE_1.14.0/STM32CubeIDE/plugins/com.st.stm32cube.ide.mcu.externaltools.gnu-tools-for-stm32.11.3.rel1.win32_1.1.100.202309141235/tools/bin/../lib/gcc/arm-none-eabi/11.3.1/../../../../arm-none-eabi/lib/thumb/v7-m/nofp\libc_nano.a(libc_a-lock.o)
                0x000000000800a830                __retarget_lock_init_recursive
 .text.__retarget_lock_acquire_recursive
                0x000000000800a832        0x2 C:/ST/STM32CubeIDE_1.14.0/STM32CubeIDE/plugins/com.st.stm32cube.ide.mcu.externaltools.gnu-tools-for-stm32.11.3.rel1.win32_1.1.100.202309141235/tools/bin/../lib/gcc/arm-none-eabi/11.3.1/../../../../arm-none-eabi/lib/thumb/v7-m/nofp\libc_nano.a(libc_a-lock.o)
                0x000000000800a832                __retarget_lock_acquire_recursive
 .text.__retarget_lock_release_recursive
                0x000000000800a834        0x2 C:/ST/STM32CubeIDE_1.14.0/STM32CubeIDE/plugins/com.st.stm32cube.ide.mcu.externaltools.gnu-tools-for-stm32.11.3.rel1.win32_1.1.100.202309141235/tools/bin/../lib/gcc/arm-none-eabi/11.3.1/../../../../arm-none-eabi/lib/thumb/v7-m/nofp\libc_nano.a(libc_a-lock.o)
                0x000000000800a834                __retarget_lock_release_recursive
 .text.memchr   0x000000000800a836       0x1c C:/ST/STM32CubeIDE_1.14.0/STM32CubeIDE/plugins/com.st.stm32cube.ide.mcu.externaltools.gnu-tools-for-stm32.11.3.rel1.win32_1.1.100.202309141235/tools/bin/../lib/gcc/arm-none-eabi/11.3.1/../../../../arm-none-eabi/lib/thumb/v7-m/nofp\libc_nano.a(libc_a-memchr-stub.o)
                0x000000000800a836                memchr
 .text.quorem   0x000000000800a852      0x112 C:/ST/STM32CubeIDE_1.14.0/STM32CubeIDE/plugins/com.st.stm32cube.ide.mcu.externaltools.gnu-tools-for-stm32.11.3.rel1.win32_1.1.100.202309141235/tools/bin/../lib/gcc/arm-none-eabi/11.3.1/../../../../arm-none-eabi/lib/thumb/v7-m/nofp\libc_nano.a(libc_a-dtoa.o)
 *fill*         0x000000000800a964        0x4 
 .text._dtoa_r  0x000000000800a968      0xbc8 C:/ST/STM32CubeIDE_1.14.0/STM32CubeIDE/plugins/com.st.stm32cube.ide.mcu.externaltools.gnu-tools-for-stm32.11.3.rel1.win32_1.1.100.202309141235/tools/bin/../lib/gcc/arm-none-eabi/11.3.1/../../../../arm-none-eabi/lib/thumb/v7-m/nofp\libc_nano.a(libc_a-dtoa.o)
                0x000000000800a968                _dtoa_r
 .text._free_r  0x000000000800b530       0x90 C:/ST/STM32CubeIDE_1.14.0/STM32CubeIDE/plugins/com.st.stm32cube.ide.mcu.externaltools.gnu-tools-for-stm32.11.3.rel1.win32_1.1.100.202309141235/tools/bin/../lib/gcc/arm-none-eabi/11.3.1/../../../../arm-none-eabi/lib/thumb/v7-m/nofp\libc_nano.a(libc_a-freer.o)
                0x000000000800b530                _free_r
 .text._Balloc  0x000000000800b5c0       0x80 C:/ST/STM32CubeIDE_1.14.0/STM32CubeIDE/plugins/com.st.stm32cube.ide.mcu.externaltools.gnu-tools-for-stm32.11.3.rel1.win32_1.1.100.202309141235/tools/bin/../lib/gcc/arm-none-eabi/11.3.1/../../../../arm-none-eabi/lib/thumb/v7-m/nofp\libc_nano.a(libc_a-mprec.o)
                0x000000000800b5c0                _Balloc
 .text._Bfree   0x000000000800b640       0x44 C:/ST/STM32CubeIDE_1.14.0/STM32CubeIDE/plugins/com.st.stm32cube.ide.mcu.externaltools.gnu-tools-for-stm32.11.3.rel1.win32_1.1.100.202309141235/tools/bin/../lib/gcc/arm-none-eabi/11.3.1/../../../../arm-none-eabi/lib/thumb/v7-m/nofp\libc_nano.a(libc_a-mprec.o)
                0x000000000800b640                _Bfree
 .text.__multadd
                0x000000000800b684       0x8c C:/ST/STM32CubeIDE_1.14.0/STM32CubeIDE/plugins/com.st.stm32cube.ide.mcu.externaltools.gnu-tools-for-stm32.11.3.rel1.win32_1.1.100.202309141235/tools/bin/../lib/gcc/arm-none-eabi/11.3.1/../../../../arm-none-eabi/lib/thumb/v7-m/nofp\libc_nano.a(libc_a-mprec.o)
                0x000000000800b684                __multadd
 .text.__hi0bits
                0x000000000800b710       0x40 C:/ST/STM32CubeIDE_1.14.0/STM32CubeIDE/plugins/com.st.stm32cube.ide.mcu.externaltools.gnu-tools-for-stm32.11.3.rel1.win32_1.1.100.202309141235/tools/bin/../lib/gcc/arm-none-eabi/11.3.1/../../../../arm-none-eabi/lib/thumb/v7-m/nofp\libc_nano.a(libc_a-mprec.o)
                0x000000000800b710                __hi0bits
 .text.__lo0bits
                0x000000000800b750       0x5a C:/ST/STM32CubeIDE_1.14.0/STM32CubeIDE/plugins/com.st.stm32cube.ide.mcu.externaltools.gnu-tools-for-stm32.11.3.rel1.win32_1.1.100.202309141235/tools/bin/../lib/gcc/arm-none-eabi/11.3.1/../../../../arm-none-eabi/lib/thumb/v7-m/nofp\libc_nano.a(libc_a-mprec.o)
                0x000000000800b750                __lo0bits
 *fill*         0x000000000800b7aa        0x2 
 .text.__i2b    0x000000000800b7ac       0x2c C:/ST/STM32CubeIDE_1.14.0/STM32CubeIDE/plugins/com.st.stm32cube.ide.mcu.externaltools.gnu-tools-for-stm32.11.3.rel1.win32_1.1.100.202309141235/tools/bin/../lib/gcc/arm-none-eabi/11.3.1/../../../../arm-none-eabi/lib/thumb/v7-m/nofp\libc_nano.a(libc_a-mprec.o)
                0x000000000800b7ac                __i2b
 .text.__multiply
                0x000000000800b7d8      0x150 C:/ST/STM32CubeIDE_1.14.0/STM32CubeIDE/plugins/com.st.stm32cube.ide.mcu.externaltools.gnu-tools-for-stm32.11.3.rel1.win32_1.1.100.202309141235/tools/bin/../lib/gcc/arm-none-eabi/11.3.1/../../../../arm-none-eabi/lib/thumb/v7-m/nofp\libc_nano.a(libc_a-mprec.o)
                0x000000000800b7d8                __multiply
 .text.__pow5mult
                0x000000000800b928       0xb4 C:/ST/STM32CubeIDE_1.14.0/STM32CubeIDE/plugins/com.st.stm32cube.ide.mcu.externaltools.gnu-tools-for-stm32.11.3.rel1.win32_1.1.100.202309141235/tools/bin/../lib/gcc/arm-none-eabi/11.3.1/../../../../arm-none-eabi/lib/thumb/v7-m/nofp\libc_nano.a(libc_a-mprec.o)
                0x000000000800b928                __pow5mult
 .text.__lshift
                0x000000000800b9dc       0xd8 C:/ST/STM32CubeIDE_1.14.0/STM32CubeIDE/plugins/com.st.stm32cube.ide.mcu.externaltools.gnu-tools-for-stm32.11.3.rel1.win32_1.1.100.202309141235/tools/bin/../lib/gcc/arm-none-eabi/11.3.1/../../../../arm-none-eabi/lib/thumb/v7-m/nofp\libc_nano.a(libc_a-mprec.o)
                0x000000000800b9dc                __lshift
 .text.__mcmp   0x000000000800bab4       0x36 C:/ST/STM32CubeIDE_1.14.0/STM32CubeIDE/plugins/com.st.stm32cube.ide.mcu.externaltools.gnu-tools-for-stm32.11.3.rel1.win32_1.1.100.202309141235/tools/bin/../lib/gcc/arm-none-eabi/11.3.1/../../../../arm-none-eabi/lib/thumb/v7-m/nofp\libc_nano.a(libc_a-mprec.o)
                0x000000000800bab4                __mcmp
 *fill*         0x000000000800baea        0x2 
 .text.__mdiff  0x000000000800baec      0x118 C:/ST/STM32CubeIDE_1.14.0/STM32CubeIDE/plugins/com.st.stm32cube.ide.mcu.externaltools.gnu-tools-for-stm32.11.3.rel1.win32_1.1.100.202309141235/tools/bin/../lib/gcc/arm-none-eabi/11.3.1/../../../../arm-none-eabi/lib/thumb/v7-m/nofp\libc_nano.a(libc_a-mprec.o)
                0x000000000800baec                __mdiff
 .text.__d2b    0x000000000800bc04       0xac C:/ST/STM32CubeIDE_1.14.0/STM32CubeIDE/plugins/com.st.stm32cube.ide.mcu.externaltools.gnu-tools-for-stm32.11.3.rel1.win32_1.1.100.202309141235/tools/bin/../lib/gcc/arm-none-eabi/11.3.1/../../../../arm-none-eabi/lib/thumb/v7-m/nofp\libc_nano.a(libc_a-mprec.o)
                0x000000000800bc04                __d2b
 .text.__ssputs_r
                0x000000000800bcb0       0xb4 C:/ST/STM32CubeIDE_1.14.0/STM32CubeIDE/plugins/com.st.stm32cube.ide.mcu.externaltools.gnu-tools-for-stm32.11.3.rel1.win32_1.1.100.202309141235/tools/bin/../lib/gcc/arm-none-eabi/11.3.1/../../../../arm-none-eabi/lib/thumb/v7-m/nofp\libc_nano.a(libc_a-nano-svfprintf.o)
                0x000000000800bcb0                __ssputs_r
 .text._svfprintf_r
                0x000000000800bd64      0x1fc C:/ST/STM32CubeIDE_1.14.0/STM32CubeIDE/plugins/com.st.stm32cube.ide.mcu.externaltools.gnu-tools-for-stm32.11.3.rel1.win32_1.1.100.202309141235/tools/bin/../lib/gcc/arm-none-eabi/11.3.1/../../../../arm-none-eabi/lib/thumb/v7-m/nofp\libc_nano.a(libc_a-nano-svfprintf.o)
                0x000000000800bd64                _svfiprintf_r
                0x000000000800bd64                _svfprintf_r
 .text.__sflush_r
                0x000000000800bf60      0x104 C:/ST/STM32CubeIDE_1.14.0/STM32CubeIDE/plugins/com.st.stm32cube.ide.mcu.externaltools.gnu-tools-for-stm32.11.3.rel1.win32_1.1.100.202309141235/tools/bin/../lib/gcc/arm-none-eabi/11.3.1/../../../../arm-none-eabi/lib/thumb/v7-m/nofp\libc_nano.a(libc_a-fflush.o)
                0x000000000800bf60                __sflush_r
 .text._fflush_r
                0x000000000800c064       0x50 C:/ST/STM32CubeIDE_1.14.0/STM32CubeIDE/plugins/com.st.stm32cube.ide.mcu.externaltools.gnu-tools-for-stm32.11.3.rel1.win32_1.1.100.202309141235/tools/bin/../lib/gcc/arm-none-eabi/11.3.1/../../../../arm-none-eabi/lib/thumb/v7-m/nofp\libc_nano.a(libc_a-fflush.o)
                0x000000000800c064                _fflush_r
 .text.memmove  0x000000000800c0b4       0x34 C:/ST/STM32CubeIDE_1.14.0/STM32CubeIDE/plugins/com.st.stm32cube.ide.mcu.externaltools.gnu-tools-for-stm32.11.3.rel1.win32_1.1.100.202309141235/tools/bin/../lib/gcc/arm-none-eabi/11.3.1/../../../../arm-none-eabi/lib/thumb/v7-m/nofp\libc_nano.a(libc_a-memmove.o)
                0x000000000800c0b4                memmove
 .text.memcpy   0x000000000800c0e8       0x1c C:/ST/STM32CubeIDE_1.14.0/STM32CubeIDE/plugins/com.st.stm32cube.ide.mcu.externaltools.gnu-tools-for-stm32.11.3.rel1.win32_1.1.100.202309141235/tools/bin/../lib/gcc/arm-none-eabi/11.3.1/../../../../arm-none-eabi/lib/thumb/v7-m/nofp\libc_nano.a(libc_a-memcpy-stub.o)
                0x000000000800c0e8                memcpy
 .text.__assert_func
                0x000000000800c104       0x3c C:/ST/STM32CubeIDE_1.14.0/STM32CubeIDE/plugins/com.st.stm32cube.ide.mcu.externaltools.gnu-tools-for-stm32.11.3.rel1.win32_1.1.100.202309141235/tools/bin/../lib/gcc/arm-none-eabi/11.3.1/../../../../arm-none-eabi/lib/thumb/v7-m/nofp\libc_nano.a(libc_a-assert.o)
                0x000000000800c104                __assert_func
 .text._calloc_r
                0x000000000800c140       0x28 C:/ST/STM32CubeIDE_1.14.0/STM32CubeIDE/plugins/com.st.stm32cube.ide.mcu.externaltools.gnu-tools-for-stm32.11.3.rel1.win32_1.1.100.202309141235/tools/bin/../lib/gcc/arm-none-eabi/11.3.1/../../../../arm-none-eabi/lib/thumb/v7-m/nofp\libc_nano.a(libc_a-callocr.o)
                0x000000000800c140                _calloc_r
 .text.__ascii_mbtowc
                0x000000000800c168       0x24 C:/ST/STM32CubeIDE_1.14.0/STM32CubeIDE/plugins/com.st.stm32cube.ide.mcu.externaltools.gnu-tools-for-stm32.11.3.rel1.win32_1.1.100.202309141235/tools/bin/../lib/gcc/arm-none-eabi/11.3.1/../../../../arm-none-eabi/lib/thumb/v7-m/nofp\libc_nano.a(libc_a-mbtowc_r.o)
                0x000000000800c168                __ascii_mbtowc
 .text._realloc_r
                0x000000000800c18c       0x5e C:/ST/STM32CubeIDE_1.14.0/STM32CubeIDE/plugins/com.st.stm32cube.ide.mcu.externaltools.gnu-tools-for-stm32.11.3.rel1.win32_1.1.100.202309141235/tools/bin/../lib/gcc/arm-none-eabi/11.3.1/../../../../arm-none-eabi/lib/thumb/v7-m/nofp\libc_nano.a(libc_a-reallocr.o)
                0x000000000800c18c                _realloc_r
 .text.__ascii_wctomb
                0x000000000800c1ea       0x1a C:/ST/STM32CubeIDE_1.14.0/STM32CubeIDE/plugins/com.st.stm32cube.ide.mcu.externaltools.gnu-tools-for-stm32.11.3.rel1.win32_1.1.100.202309141235/tools/bin/../lib/gcc/arm-none-eabi/11.3.1/../../../../arm-none-eabi/lib/thumb/v7-m/nofp\libc_nano.a(libc_a-wctomb_r.o)
                0x000000000800c1ea                __ascii_wctomb
 .text.fprintf  0x000000000800c204       0x24 C:/ST/STM32CubeIDE_1.14.0/STM32CubeIDE/plugins/com.st.stm32cube.ide.mcu.externaltools.gnu-tools-for-stm32.11.3.rel1.win32_1.1.100.202309141235/tools/bin/../lib/gcc/arm-none-eabi/11.3.1/../../../../arm-none-eabi/lib/thumb/v7-m/nofp\libc_nano.a(libc_a-fprintf.o)
                0x000000000800c204                fiprintf
                0x000000000800c204                fprintf
 .text.abort    0x000000000800c228        0xe C:/ST/STM32CubeIDE_1.14.0/STM32CubeIDE/plugins/com.st.stm32cube.ide.mcu.externaltools.gnu-tools-for-stm32.11.3.rel1.win32_1.1.100.202309141235/tools/bin/../lib/gcc/arm-none-eabi/11.3.1/../../../../arm-none-eabi/lib/thumb/v7-m/nofp\libc_nano.a(libc_a-abort.o)
                0x000000000800c228                abort
 .text._malloc_usable_size_r
                0x000000000800c236       0x10 C:/ST/STM32CubeIDE_1.14.0/STM32CubeIDE/plugins/com.st.stm32cube.ide.mcu.externaltools.gnu-tools-for-stm32.11.3.rel1.win32_1.1.100.202309141235/tools/bin/../lib/gcc/arm-none-eabi/11.3.1/../../../../arm-none-eabi/lib/thumb/v7-m/nofp\libc_nano.a(libc_a-msizer.o)
                0x000000000800c236                _malloc_usable_size_r
 .text.__sfputc_r
                0x000000000800c246       0x2a C:/ST/STM32CubeIDE_1.14.0/STM32CubeIDE/plugins/com.st.stm32cube.ide.mcu.externaltools.gnu-tools-for-stm32.11.3.rel1.win32_1.1.100.202309141235/tools/bin/../lib/gcc/arm-none-eabi/11.3.1/../../../../arm-none-eabi/lib/thumb/v7-m/nofp\libc_nano.a(libc_a-nano-vfprintf.o)
 .text.__sfputs_r
                0x000000000800c270       0x24 C:/ST/STM32CubeIDE_1.14.0/STM32CubeIDE/plugins/com.st.stm32cube.ide.mcu.externaltools.gnu-tools-for-stm32.11.3.rel1.win32_1.1.100.202309141235/tools/bin/../lib/gcc/arm-none-eabi/11.3.1/../../../../arm-none-eabi/lib/thumb/v7-m/nofp\libc_nano.a(libc_a-nano-vfprintf.o)
                0x000000000800c270                __sfputs_r
 .text._vfprintf_r
                0x000000000800c294      0x234 C:/ST/STM32CubeIDE_1.14.0/STM32CubeIDE/plugins/com.st.stm32cube.ide.mcu.externaltools.gnu-tools-for-stm32.11.3.rel1.win32_1.1.100.202309141235/tools/bin/../lib/gcc/arm-none-eabi/11.3.1/../../../../arm-none-eabi/lib/thumb/v7-m/nofp\libc_nano.a(libc_a-nano-vfprintf.o)
                0x000000000800c294                _vfprintf_r
                0x000000000800c294                _vfiprintf_r
 .text.__swbuf_r
                0x000000000800c4c8       0x7a C:/ST/STM32CubeIDE_1.14.0/STM32CubeIDE/plugins/com.st.stm32cube.ide.mcu.externaltools.gnu-tools-for-stm32.11.3.rel1.win32_1.1.100.202309141235/tools/bin/../lib/gcc/arm-none-eabi/11.3.1/../../../../arm-none-eabi/lib/thumb/v7-m/nofp\libc_nano.a(libc_a-wbuf.o)
                0x000000000800c4c8                __swbuf_r
 *fill*         0x000000000800c542        0x2 
 .text.__swsetup_r
                0x000000000800c544       0xb0 C:/ST/STM32CubeIDE_1.14.0/STM32CubeIDE/plugins/com.st.stm32cube.ide.mcu.externaltools.gnu-tools-for-stm32.11.3.rel1.win32_1.1.100.202309141235/tools/bin/../lib/gcc/arm-none-eabi/11.3.1/../../../../arm-none-eabi/lib/thumb/v7-m/nofp\libc_nano.a(libc_a-wsetup.o)
                0x000000000800c544                __swsetup_r
 .text._raise_r
                0x000000000800c5f4       0x50 C:/ST/STM32CubeIDE_1.14.0/STM32CubeIDE/plugins/com.st.stm32cube.ide.mcu.externaltools.gnu-tools-for-stm32.11.3.rel1.win32_1.1.100.202309141235/tools/bin/../lib/gcc/arm-none-eabi/11.3.1/../../../../arm-none-eabi/lib/thumb/v7-m/nofp\libc_nano.a(libc_a-signal.o)
                0x000000000800c5f4                _raise_r
 .text.raise    0x000000000800c644       0x10 C:/ST/STM32CubeIDE_1.14.0/STM32CubeIDE/plugins/com.st.stm32cube.ide.mcu.externaltools.gnu-tools-for-stm32.11.3.rel1.win32_1.1.100.202309141235/tools/bin/../lib/gcc/arm-none-eabi/11.3.1/../../../../arm-none-eabi/lib/thumb/v7-m/nofp\libc_nano.a(libc_a-signal.o)
                0x000000000800c644                raise
 .text._kill_r  0x000000000800c654       0x24 C:/ST/STM32CubeIDE_1.14.0/STM32CubeIDE/plugins/com.st.stm32cube.ide.mcu.externaltools.gnu-tools-for-stm32.11.3.rel1.win32_1.1.100.202309141235/tools/bin/../lib/gcc/arm-none-eabi/11.3.1/../../../../arm-none-eabi/lib/thumb/v7-m/nofp\libc_nano.a(libc_a-signalr.o)
                0x000000000800c654                _kill_r
 .text._getpid_r
                0x000000000800c678        0x4 C:/ST/STM32CubeIDE_1.14.0/STM32CubeIDE/plugins/com.st.stm32cube.ide.mcu.externaltools.gnu-tools-for-stm32.11.3.rel1.win32_1.1.100.202309141235/tools/bin/../lib/gcc/arm-none-eabi/11.3.1/../../../../arm-none-eabi/lib/thumb/v7-m/nofp\libc_nano.a(libc_a-signalr.o)
                0x000000000800c678                _getpid_r
 .text.__swhatbuf_r
                0x000000000800c67c       0x4a C:/ST/STM32CubeIDE_1.14.0/STM32CubeIDE/plugins/com.st.stm32cube.ide.mcu.externaltools.gnu-tools-for-stm32.11.3.rel1.win32_1.1.100.202309141235/tools/bin/../lib/gcc/arm-none-eabi/11.3.1/../../../../arm-none-eabi/lib/thumb/v7-m/nofp\libc_nano.a(libc_a-makebuf.o)
                0x000000000800c67c                __swhatbuf_r
 .text.__smakebuf_r
                0x000000000800c6c6       0x78 C:/ST/STM32CubeIDE_1.14.0/STM32CubeIDE/plugins/com.st.stm32cube.ide.mcu.externaltools.gnu-tools-for-stm32.11.3.rel1.win32_1.1.100.202309141235/tools/bin/../lib/gcc/arm-none-eabi/11.3.1/../../../../arm-none-eabi/lib/thumb/v7-m/nofp\libc_nano.a(libc_a-makebuf.o)
                0x000000000800c6c6                __smakebuf_r
 *fill*         0x000000000800c73e        0x2 
 .text._fstat_r
                0x000000000800c740       0x24 C:/ST/STM32CubeIDE_1.14.0/STM32CubeIDE/plugins/com.st.stm32cube.ide.mcu.externaltools.gnu-tools-for-stm32.11.3.rel1.win32_1.1.100.202309141235/tools/bin/../lib/gcc/arm-none-eabi/11.3.1/../../../../arm-none-eabi/lib/thumb/v7-m/nofp\libc_nano.a(libc_a-fstatr.o)
                0x000000000800c740                _fstat_r
 .text._isatty_r
                0x000000000800c764       0x20 C:/ST/STM32CubeIDE_1.14.0/STM32CubeIDE/plugins/com.st.stm32cube.ide.mcu.externaltools.gnu-tools-for-stm32.11.3.rel1.win32_1.1.100.202309141235/tools/bin/../lib/gcc/arm-none-eabi/11.3.1/../../../../arm-none-eabi/lib/thumb/v7-m/nofp\libc_nano.a(libc_a-isattyr.o)
                0x000000000800c764                _isatty_r
 *(.glue_7)
 .glue_7        0x000000000800c784        0x0 linker stubs
 *(.glue_7t)
 .glue_7t       0x000000000800c784        0x0 linker stubs
 *(.eh_frame)
 .eh_frame      0x000000000800c784        0x0 C:/ST/STM32CubeIDE_1.14.0/STM32CubeIDE/plugins/com.st.stm32cube.ide.mcu.externaltools.gnu-tools-for-stm32.11.3.rel1.win32_1.1.100.202309141235/tools/bin/../lib/gcc/arm-none-eabi/11.3.1/thumb/v7-m/nofp/crtbegin.o
 *(.init)
 .init          0x000000000800c784        0x4 C:/ST/STM32CubeIDE_1.14.0/STM32CubeIDE/plugins/com.st.stm32cube.ide.mcu.externaltools.gnu-tools-for-stm32.11.3.rel1.win32_1.1.100.202309141235/tools/bin/../lib/gcc/arm-none-eabi/11.3.1/thumb/v7-m/nofp/crti.o
                0x000000000800c784                _init
 .init          0x000000000800c788        0x8 C:/ST/STM32CubeIDE_1.14.0/STM32CubeIDE/plugins/com.st.stm32cube.ide.mcu.externaltools.gnu-tools-for-stm32.11.3.rel1.win32_1.1.100.202309141235/tools/bin/../lib/gcc/arm-none-eabi/11.3.1/thumb/v7-m/nofp/crtn.o
 *(.fini)
 .fini          0x000000000800c790        0x4 C:/ST/STM32CubeIDE_1.14.0/STM32CubeIDE/plugins/com.st.stm32cube.ide.mcu.externaltools.gnu-tools-for-stm32.11.3.rel1.win32_1.1.100.202309141235/tools/bin/../lib/gcc/arm-none-eabi/11.3.1/thumb/v7-m/nofp/crti.o
                0x000000000800c790                _fini
 .fini          0x000000000800c794        0x8 C:/ST/STM32CubeIDE_1.14.0/STM32CubeIDE/plugins/com.st.stm32cube.ide.mcu.externaltools.gnu-tools-for-stm32.11.3.rel1.win32_1.1.100.202309141235/tools/bin/../lib/gcc/arm-none-eabi/11.3.1/thumb/v7-m/nofp/crtn.o
                0x000000000800c79c                . = ALIGN (0x4)
                0x000000000800c79c                _etext = .

.vfp11_veneer   0x000000000800c79c        0x0
 .vfp11_veneer  0x000000000800c79c        0x0 linker stubs

.v4_bx          0x000000000800c79c        0x0
 .v4_bx         0x000000000800c79c        0x0 linker stubs

.iplt           0x000000000800c79c        0x0
 .iplt          0x000000000800c79c        0x0 C:/ST/STM32CubeIDE_1.14.0/STM32CubeIDE/plugins/com.st.stm32cube.ide.mcu.externaltools.gnu-tools-for-stm32.11.3.rel1.win32_1.1.100.202309141235/tools/bin/../lib/gcc/arm-none-eabi/11.3.1/thumb/v7-m/nofp/crtbegin.o

.rodata         0x000000000800c7a0      0x7b4
                0x000000000800c7a0                . = ALIGN (0x4)
 *(.rodata)
 .rodata        0x000000000800c7a0       0x1c ./Core/Src/atc.o
 .rodata        0x000000000800c7bc      0x16c ./Core/Src/esp-at.o
 .rodata        0x000000000800c928      0x28f ./Core/Src/physics.o
 *fill*         0x000000000800cbb7        0x1 
 .rodata        0x000000000800cbb8        0x3 ./DeviceLibrary/Src/BMP180.o
 *(.rodata*)
 *fill*         0x000000000800cbbb        0x1 
 .rodata.AHBPrescTable
                0x000000000800cbbc       0x10 ./Core/Src/system_stm32f1xx.o
                0x000000000800cbbc                AHBPrescTable
 .rodata.APBPrescTable
                0x000000000800cbcc        0x8 ./Core/Src/system_stm32f1xx.o
                0x000000000800cbcc                APBPrescTable
 .rodata.aPLLMULFactorTable.1
                0x000000000800cbd4       0x10 ./Drivers/STM32F1xx_HAL_Driver/Src/stm32f1xx_hal_rcc.o
 .rodata.aPredivFactorTable.0
                0x000000000800cbe4        0x2 ./Drivers/STM32F1xx_HAL_Driver/Src/stm32f1xx_hal_rcc.o
 .rodata._printf_float.str1.1
                0x000000000800cbe6       0x12 C:/ST/STM32CubeIDE_1.14.0/STM32CubeIDE/plugins/com.st.stm32cube.ide.mcu.externaltools.gnu-tools-for-stm32.11.3.rel1.win32_1.1.100.202309141235/tools/bin/../lib/gcc/arm-none-eabi/11.3.1/../../../../arm-none-eabi/lib/thumb/v7-m/nofp\libc_nano.a(libc_a-nano-vfprintf_float.o)
 .rodata._printf_i.str1.1
                0x000000000800cbf8       0x22 C:/ST/STM32CubeIDE_1.14.0/STM32CubeIDE/plugins/com.st.stm32cube.ide.mcu.externaltools.gnu-tools-for-stm32.11.3.rel1.win32_1.1.100.202309141235/tools/bin/../lib/gcc/arm-none-eabi/11.3.1/../../../../arm-none-eabi/lib/thumb/v7-m/nofp\libc_nano.a(libc_a-nano-vfprintf_i.o)
 .rodata._dtoa_r.str1.1
                0x000000000800cc1a       0x8d C:/ST/STM32CubeIDE_1.14.0/STM32CubeIDE/plugins/com.st.stm32cube.ide.mcu.externaltools.gnu-tools-for-stm32.11.3.rel1.win32_1.1.100.202309141235/tools/bin/../lib/gcc/arm-none-eabi/11.3.1/../../../../arm-none-eabi/lib/thumb/v7-m/nofp\libc_nano.a(libc_a-dtoa.o)
                                         0x8f (size before relaxing)
 .rodata._Balloc.str1.1
                0x000000000800cca7       0x59 C:/ST/STM32CubeIDE_1.14.0/STM32CubeIDE/plugins/com.st.stm32cube.ide.mcu.externaltools.gnu-tools-for-stm32.11.3.rel1.win32_1.1.100.202309141235/tools/bin/../lib/gcc/arm-none-eabi/11.3.1/../../../../arm-none-eabi/lib/thumb/v7-m/nofp\libc_nano.a(libc_a-mprec.o)
                                         0x70 (size before relaxing)
 .rodata.__multadd.str1.1
                0x000000000800cd00       0x11 C:/ST/STM32CubeIDE_1.14.0/STM32CubeIDE/plugins/com.st.stm32cube.ide.mcu.externaltools.gnu-tools-for-stm32.11.3.rel1.win32_1.1.100.202309141235/tools/bin/../lib/gcc/arm-none-eabi/11.3.1/../../../../arm-none-eabi/lib/thumb/v7-m/nofp\libc_nano.a(libc_a-mprec.o)
 .rodata.__mprec_bigtens
                0x000000000800cd00       0x28 C:/ST/STM32CubeIDE_1.14.0/STM32CubeIDE/plugins/com.st.stm32cube.ide.mcu.externaltools.gnu-tools-for-stm32.11.3.rel1.win32_1.1.100.202309141235/tools/bin/../lib/gcc/arm-none-eabi/11.3.1/../../../../arm-none-eabi/lib/thumb/v7-m/nofp\libc_nano.a(libc_a-mprec.o)
                0x000000000800cd00                __mprec_bigtens
 .rodata.__mprec_tens
                0x000000000800cd28       0xc8 C:/ST/STM32CubeIDE_1.14.0/STM32CubeIDE/plugins/com.st.stm32cube.ide.mcu.externaltools.gnu-tools-for-stm32.11.3.rel1.win32_1.1.100.202309141235/tools/bin/../lib/gcc/arm-none-eabi/11.3.1/../../../../arm-none-eabi/lib/thumb/v7-m/nofp\libc_nano.a(libc_a-mprec.o)
                0x000000000800cd28                __mprec_tens
 .rodata.p05.0  0x000000000800cdf0        0xc C:/ST/STM32CubeIDE_1.14.0/STM32CubeIDE/plugins/com.st.stm32cube.ide.mcu.externaltools.gnu-tools-for-stm32.11.3.rel1.win32_1.1.100.202309141235/tools/bin/../lib/gcc/arm-none-eabi/11.3.1/../../../../arm-none-eabi/lib/thumb/v7-m/nofp\libc_nano.a(libc_a-mprec.o)
 .rodata._svfprintf_r.str1.1
                0x000000000800cdfc       0x11 C:/ST/STM32CubeIDE_1.14.0/STM32CubeIDE/plugins/com.st.stm32cube.ide.mcu.externaltools.gnu-tools-for-stm32.11.3.rel1.win32_1.1.100.202309141235/tools/bin/../lib/gcc/arm-none-eabi/11.3.1/../../../../arm-none-eabi/lib/thumb/v7-m/nofp\libc_nano.a(libc_a-nano-svfprintf.o)
 .rodata._setlocale_r.str1.1
                0x000000000800ce0d        0x8 C:/ST/STM32CubeIDE_1.14.0/STM32CubeIDE/plugins/com.st.stm32cube.ide.mcu.externaltools.gnu-tools-for-stm32.11.3.rel1.win32_1.1.100.202309141235/tools/bin/../lib/gcc/arm-none-eabi/11.3.1/../../../../arm-none-eabi/lib/thumb/v7-m/nofp\libc_nano.a(libc_a-locale.o)
                                          0x9 (size before relaxing)
 .rodata.str1.1
                0x000000000800ce15        0x2 C:/ST/STM32CubeIDE_1.14.0/STM32CubeIDE/plugins/com.st.stm32cube.ide.mcu.externaltools.gnu-tools-for-stm32.11.3.rel1.win32_1.1.100.202309141235/tools/bin/../lib/gcc/arm-none-eabi/11.3.1/../../../../arm-none-eabi/lib/thumb/v7-m/nofp\libc_nano.a(libc_a-locale.o)
 .rodata.__assert_func.str1.1
                0x000000000800ce17       0x3c C:/ST/STM32CubeIDE_1.14.0/STM32CubeIDE/plugins/com.st.stm32cube.ide.mcu.externaltools.gnu-tools-for-stm32.11.3.rel1.win32_1.1.100.202309141235/tools/bin/../lib/gcc/arm-none-eabi/11.3.1/../../../../arm-none-eabi/lib/thumb/v7-m/nofp\libc_nano.a(libc_a-assert.o)
                                         0x3d (size before relaxing)
 .rodata._ctype_
                0x000000000800ce53      0x101 C:/ST/STM32CubeIDE_1.14.0/STM32CubeIDE/plugins/com.st.stm32cube.ide.mcu.externaltools.gnu-tools-for-stm32.11.3.rel1.win32_1.1.100.202309141235/tools/bin/../lib/gcc/arm-none-eabi/11.3.1/../../../../arm-none-eabi/lib/thumb/v7-m/nofp\libc_nano.a(libc_a-ctype_.o)
                0x000000000800ce53                _ctype_
 .rodata._vfprintf_r.str1.1
                0x000000000800cf54       0x11 C:/ST/STM32CubeIDE_1.14.0/STM32CubeIDE/plugins/com.st.stm32cube.ide.mcu.externaltools.gnu-tools-for-stm32.11.3.rel1.win32_1.1.100.202309141235/tools/bin/../lib/gcc/arm-none-eabi/11.3.1/../../../../arm-none-eabi/lib/thumb/v7-m/nofp\libc_nano.a(libc_a-nano-vfprintf.o)
                0x000000000800cf68                . = ALIGN (0x4)

.rel.dyn        0x000000000800cf54        0x0
 .rel.iplt      0x000000000800cf54        0x0 C:/ST/STM32CubeIDE_1.14.0/STM32CubeIDE/plugins/com.st.stm32cube.ide.mcu.externaltools.gnu-tools-for-stm32.11.3.rel1.win32_1.1.100.202309141235/tools/bin/../lib/gcc/arm-none-eabi/11.3.1/thumb/v7-m/nofp/crtbegin.o

.ARM.extab      0x000000000800cf54        0x0
                0x000000000800cf54                . = ALIGN (0x4)
 *(.ARM.extab* .gnu.linkonce.armextab.*)
                0x000000000800cf54                . = ALIGN (0x4)

.ARM            0x000000000800cf54        0x0
                0x000000000800cf54                . = ALIGN (0x4)
                0x000000000800cf54                __exidx_start = .
 *(.ARM.exidx*)
                0x000000000800cf54                __exidx_end = .
                0x000000000800cf54                . = ALIGN (0x4)

.preinit_array  0x000000000800cf54        0x0